Starting KVS server on :8080
get/s 0.00
put/s 0.00
aborts/s 0.00
ops/s 0.00

get/s 0.00
put/s 0.00
aborts/s 0.00
ops/s 0.00

get/s 0.00
put/s 0.00
aborts/s 0.00
ops/s 0.00

get/s 0.00
put/s 0.00
aborts/s 0.00
ops/s 0.00

get/s 33907.84
put/s 469.91
aborts/s 2319.58
ops/s 34377.75

get/s 38971.90
put/s 426.92
aborts/s 2322.58
ops/s 39398.82

get/s 39493.38
put/s 436.92
aborts/s 2758.47
ops/s 39930.30

get/s 39292.03
put/s 369.95
aborts/s 2638.67
ops/s 39661.98

get/s 38447.19
put/s 346.94
aborts/s 2728.52
ops/s 38794.13

get/s 39564.01
put/s 338.94
aborts/s 2590.54
ops/s 39902.95

get/s 37443.61
put/s 280.96
aborts/s 2493.64
ops/s 37724.57

get/s 39525.86
put/s 325.95
aborts/s 2845.56
ops/s 39851.81

get/s 39103.31
put/s 302.95
aborts/s 2709.54
ops/s 39406.26

get/s 38732.16
put/s 294.97
aborts/s 2653.74
ops/s 39027.13

get/s 0.00
put/s 0.00
aborts/s 0.00
ops/s 0.00


Shutting down server...
key: 11307, value: 
key: 3235, value: 
key: 114461, value: 
key: 8965, value: 
key: 476799, value: 
key: 439161, value: 
key: 19075, value: 
key: 18769, value: 
key: 5407, value: 
key: 62220, value: 
key: 31078, value: 
key: 10467, value: 
key: 19967, value: 
key: 494519, value: 
key: 234461, value: 
key: 1409, value: 
key: 144394, value: 
key: 998, value: 
key: 3960, value: 
key: 2281, value: 
key: 1107, value: 
key: 1345, value: 
key: 766526, value: 
key: 2646, value: 
key: 26618, value: 
key: 963, value: 
key: 502881, value: 
key: 65490, value: 
key: 49938, value: 
key: 1852, value: 
key: 6477, value: 
key: 42779, value: 
key: 66097, value: 
key: 931, value: 
key: 180678, value: 
key: 129621, value: 
key: 25751, value: 
key: 107092, value: 
key: 3764, value: 
key: 837264, value: 
key: 758885, value: 
key: 209151, value: 
key: 231339, value: 
key: 150893, value: 
key: 10039, value: 
key: 4152, value: 
key: 41505, value: 
key: 90138, value: 
key: 886025, value: 
key: 1307, value: 
key: 3353, value: 
key: 881445, value: 
key: 1155, value: 
key: 532660, value: 
key: 178420, value: 
key: 38054, value: 
key: 144, value: 
key: 316457, value: 
key: 55657, value: 
key: 5796, value: 
key: 1410, value: 
key: 2940, value: 
key: 34004, value: 
key: 29093, value: 
key: 296022, value: 
key: 45504, value: 
key: 19576, value: 
key: 45919, value: 
key: 76951, value: 
key: 18096, value: 
key: 298762, value: 
key: 24409, value: 
key: 318721, value: 
key: 2768, value: 
key: 610846, value: 
key: 31009, value: 
key: 95992, value: 
key: 5873, value: 
key: 10544, value: 
key: 4863, value: 
key: 121159, value: 
key: 15942, value: 
key: 369730, value: 
key: 704, value: 
key: 115934, value: 
key: 14439, value: 
key: 2277, value: 
key: 223051, value: 
key: 285584, value: 
key: 3387, value: 
key: 9033, value: 
key: 17601, value: 
key: 428078, value: 
key: 689664, value: 
key: 42951, value: 
key: 267214, value: 
key: 296449, value: 
key: 438770, value: 
key: 6873, value: 
key: 314950, value: 
key: 937147, value: 
key: 3340, value: 
key: 631855, value: 
key: 385079, value: 
key: 296109, value: 
key: 3070, value: 
key: 444438, value: 
key: 163981, value: 
key: 173680, value: 
key: 91818, value: 
key: 160407, value: 
key: 2322, value: 
key: 2301, value: 
key: 330, value: 
key: 4481, value: 
key: 55864, value: 
key: 952171, value: 
key: 12912, value: 
key: 615317, value: 
key: 484664, value: 
key: 748895, value: 
key: 90501, value: 
key: 58001, value: 
key: 14264, value: 
key: 136813, value: 
key: 64436, value: 
key: 602, value: 
key: 17599, value: 
key: 2314, value: 
key: 1750, value: 
key: 1136, value: 
key: 1541, value: 
key: 3388, value: 
key: 265205, value: 
key: 3897, value: 
key: 8355, value: 
key: 107552, value: 
key: 25006, value: 
key: 2846, value: 
key: 912, value: 
key: 535597, value: 
key: 581054, value: 
key: 53, value: 
key: 21122, value: 
key: 25754, value: 
key: 5424, value: 
key: 108406, value: 
key: 106379, value: 
key: 2015, value: 
key: 365945, value: 
key: 45493, value: 
key: 509455, value: 
key: 22680, value: 
key: 35893, value: 
key: 352036, value: 
key: 224, value: 
key: 202323, value: 
key: 12645, value: 
key: 39339, value: 
key: 4259, value: 
key: 41803, value: 
key: 176350, value: 
key: 17804, value: 
key: 66120, value: 
key: 94, value: 
key: 33610, value: 
key: 65458, value: 
key: 862759, value: 
key: 25584, value: 
key: 145305, value: 
key: 244697, value: 
key: 45933, value: 
key: 48597, value: 
key: 1063, value: 
key: 46739, value: 
key: 18721, value: 
key: 44354, value: 
key: 765545, value: 
key: 4118, value: 
key: 12184, value: 
key: 654, value: 
key: 277567, value: 
key: 74816, value: 
key: 40483, value: 
key: 67036, value: 
key: 9209, value: 
key: 31995, value: 
key: 489333, value: 
key: 29707, value: 
key: 15190, value: 
key: 35701, value: 
key: 31394, value: 
key: 859069, value: 
key: 107981, value: 
key: 553720, value: 
key: 809406, value: 
key: 625663, value: 
key: 152390, value: 
key: 1075, value: 
key: 42601, value: 
key: 853756, value: 
key: 328, value: 
key: 49510, value: 
key: 491896, value: 
key: 18699, value: 
key: 41740, value: 
key: 13998, value: 
key: 2864, value: 
key: 2722, value: 
key: 3702, value: 
key: 845349, value: 
key: 593850, value: 
key: 886263, value: 
key: 919290, value: 
key: 37326, value: 
key: 1486, value: 
key: 11832, value: 
key: 115662, value: 
key: 188025, value: 
key: 62561, value: 
key: 538052, value: 
key: 7355, value: 
key: 2707, value: 
key: 7882, value: 
key: 7796, value: 
key: 25411, value: 
key: 20408, value: 
key: 28951, value: 
key: 513677, value: 
key: 373714, value: 
key: 26583, value: 
key: 5488, value: 
key: 131, value: 
key: 35763, value: 
key: 2672, value: 
key: 6056, value: 
key: 1802, value: 
key: 158365, value: 
key: 127702, value: 
key: 112708, value: 
key: 3406, value: 
key: 845971, value: 
key: 1118, value: 
key: 302, value: 
key: 24601, value: 
key: 25766, value: 
key: 3326, value: 
key: 21053, value: 
key: 905, value: 
key: 8327, value: 
key: 432975, value: 
key: 2434, value: 
key: 2355, value: 
key: 432, value: 
key: 61760, value: 
key: 1935, value: 
key: 254617, value: 
key: 112575, value: 
key: 1846, value: 
key: 1082, value: 
key: 471021, value: 
key: 266030, value: 
key: 2287, value: 
key: 51450, value: 
key: 4104, value: 
key: 117733, value: 
key: 852384, value: 
key: 2936, value: 
key: 41084, value: 
key: 801, value: 
key: 139968, value: 
key: 472, value: 
key: 15662, value: 
key: 134, value: 
key: 18113, value: 
key: 520096, value: 
key: 10252, value: 
key: 4803, value: 
key: 1732, value: 
key: 1395, value: 
key: 1897, value: 
key: 10393, value: 
key: 104880, value: 
key: 7597, value: 
key: 4511, value: 
key: 1, value: 
key: 7930, value: 
key: 130472, value: 
key: 3545, value: 
key: 3872, value: 
key: 43014, value: 
key: 977, value: 
key: 170090, value: 
key: 155959, value: 
key: 304686, value: 
key: 59017, value: 
key: 6706, value: 
key: 124713, value: 
key: 29815, value: 
key: 6265, value: 
key: 3628, value: 
key: 218613, value: 
key: 37474, value: 
key: 136074, value: 
key: 535433, value: 
key: 642251, value: 
key: 838, value: 
key: 121589, value: 
key: 147610, value: 
key: 24743, value: 
key: 279179, value: 
key: 488079, value: 
key: 41776, value: 
key: 117240, value: 
key: 58821, value: 
key: 4866, value: 
key: 168590, value: 
key: 80178, value: 
key: 210378, value: 
key: 2822, value: 
key: 75847, value: 
key: 19100, value: 
key: 8385, value: 
key: 1113, value: 
key: 108668, value: 
key: 50851, value: 
key: 3083, value: 
key: 43615, value: 
key: 6584, value: 
key: 228898, value: 
key: 2709, value: 
key: 140382, value: 
key: 266752, value: 
key: 99473, value: 
key: 48233, value: 
key: 555682, value: 
key: 222, value: 
key: 121938, value: 
key: 802, value: 
key: 3729, value: 
key: 105052, value: 
key: 42957, value: 
key: 12740, value: 
key: 9126, value: 
key: 2373, value: 
key: 26814, value: 
key: 136466, value: 
key: 3009, value: 
key: 236444, value: 
key: 14255, value: 
key: 8503, value: 
key: 39386, value: 
key: 31962, value: 
key: 155226, value: 
key: 238249, value: 
key: 10570, value: 
key: 55807, value: 
key: 40230, value: 
key: 1115, value: 
key: 194, value: 
key: 565138, value: 
key: 264535, value: 
key: 68118, value: 
key: 4940, value: 
key: 12141, value: 
key: 536108, value: 
key: 2528, value: 
key: 94084, value: 
key: 8480, value: 
key: 1721, value: 
key: 2369, value: 
key: 178585, value: 
key: 5933, value: 
key: 200314, value: 
key: 1084, value: 
key: 337627, value: 
key: 8545, value: 
key: 127768, value: 
key: 270049, value: 
key: 115468, value: 
key: 43113, value: 
key: 138736, value: 
key: 11732, value: 
key: 557306, value: 
key: 17809, value: 
key: 1871, value: 
key: 205397, value: 
key: 291455, value: 
key: 26159, value: 
key: 42911, value: 
key: 487689, value: 
key: 967812, value: 
key: 99914, value: 
key: 89527, value: 
key: 93813, value: 
key: 8076, value: 
key: 264748, value: 
key: 714315, value: 
key: 509814, value: 
key: 916997, value: 
key: 82299, value: 
key: 11881, value: 
key: 107055, value: 
key: 173413, value: 
key: 719379, value: 
key: 68947, value: 
key: 376726, value: 
key: 17753, value: 
key: 1458, value: 
key: 38618, value: 
key: 15936, value: 
key: 89958, value: 
key: 7154, value: 
key: 45318, value: 
key: 5329, value: 
key: 11631, value: 
key: 16367, value: 
key: 873745, value: 
key: 56916, value: 
key: 1447, value: 
key: 44889, value: 
key: 140552, value: 
key: 4138, value: 
key: 2593, value: 
key: 130312, value: 
key: 1563, value: 
key: 239137, value: 
key: 58468, value: 
key: 3906, value: 
key: 491789, value: 
key: 1442, value: 
key: 758760, value: 
key: 21197, value: 
key: 35884, value: 
key: 354424, value: 
key: 1146, value: 
key: 11146, value: 
key: 1769, value: 
key: 288, value: 
key: 21515, value: 
key: 642708, value: 
key: 25961, value: 
key: 34345, value: 
key: 1731, value: 
key: 169058, value: 
key: 13570, value: 
key: 138082, value: 
key: 469650, value: 
key: 965720, value: 
key: 702764, value: 
key: 5384, value: 
key: 336566, value: 
key: 2986, value: 
key: 37982, value: 
key: 21905, value: 
key: 58463, value: 
key: 112632, value: 
key: 12637, value: 
key: 3768, value: 
key: 228, value: 
key: 55487, value: 
key: 3526, value: 
key: 4308, value: 
key: 3540, value: 
key: 1828, value: 
key: 28229, value: 
key: 21, value: 
key: 153474, value: 
key: 256947, value: 
key: 17181, value: 
key: 634247, value: 
key: 5236, value: 
key: 19146, value: 
key: 12176, value: 
key: 2007, value: 
key: 929199, value: 
key: 570, value: 
key: 184574, value: 
key: 149358, value: 
key: 88567, value: 
key: 85730, value: 
key: 354776, value: 
key: 6731, value: 
key: 101281, value: 
key: 98, value: 
key: 483486, value: 
key: 987711, value: 
key: 63740, value: 
key: 76052, value: 
key: 2862, value: 
key: 188398, value: 
key: 2595, value: 
key: 2467, value: 
key: 21811, value: 
key: 14379, value: 
key: 979995, value: 
key: 694, value: 
key: 137089, value: 
key: 259791, value: 
key: 495797, value: 
key: 341908, value: 
key: 11919, value: 
key: 3022, value: 
key: 170943, value: 
key: 364263, value: 
key: 630576, value: 
key: 627532, value: 
key: 483787, value: 
key: 2291, value: 
key: 540563, value: 
key: 769, value: 
key: 393505, value: 
key: 167685, value: 
key: 3582, value: 
key: 349, value: 
key: 381793, value: 
key: 6365, value: 
key: 62119, value: 
key: 32307, value: 
key: 52514, value: 
key: 39256, value: 
key: 674910, value: 
key: 6155, value: 
key: 2134, value: 
key: 496712, value: 
key: 2229, value: 
key: 16560, value: 
key: 2710, value: 
key: 10932, value: 
key: 48393, value: 
key: 1000, value: 
key: 3053, value: 
key: 335386, value: 
key: 168167, value: 
key: 111418, value: 
key: 686982, value: 
key: 3361, value: 
key: 840, value: 
key: 588406, value: 
key: 106284, value: 
key: 24300, value: 
key: 619767, value: 
key: 46504, value: 
key: 110934, value: 
key: 5729, value: 
key: 48541, value: 
key: 79543, value: 
key: 686, value: 
key: 15710, value: 
key: 950782, value: 
key: 450, value: 
key: 263391, value: 
key: 28438, value: 
key: 165972, value: 
key: 343285, value: 
key: 93594, value: 
key: 67117, value: 
key: 32690, value: 
key: 41140, value: 
key: 3883, value: 
key: 5822, value: 
key: 358054, value: 
key: 259422, value: 
key: 113465, value: 
key: 5011, value: 
key: 932, value: 
key: 838262, value: 
key: 1993, value: 
key: 15798, value: 
key: 934, value: 
key: 681, value: 
key: 240138, value: 
key: 496997, value: 
key: 19342, value: 
key: 32715, value: 
key: 777, value: 
key: 250119, value: 
key: 193664, value: 
key: 366652, value: 
key: 147237, value: 
key: 2105, value: 
key: 31888, value: 
key: 2121, value: 
key: 174211, value: 
key: 235335, value: 
key: 18359, value: 
key: 11189, value: 
key: 160562, value: 
key: 13851, value: 
key: 414767, value: 
key: 10900, value: 
key: 3477, value: 
key: 3294, value: 
key: 2891, value: 
key: 831, value: 
key: 293437, value: 
key: 40857, value: 
key: 2271, value: 
key: 663928, value: 
key: 358166, value: 
key: 698798, value: 
key: 227875, value: 
key: 20101, value: 
key: 177568, value: 
key: 527835, value: 
key: 2678, value: 
key: 8986, value: 
key: 13335, value: 
key: 720, value: 
key: 3264, value: 
key: 3436, value: 
key: 186994, value: 
key: 613, value: 
key: 420278, value: 
key: 778872, value: 
key: 8534, value: 
key: 250251, value: 
key: 317, value: 
key: 13715, value: 
key: 1644, value: 
key: 42491, value: 
key: 693388, value: 
key: 130608, value: 
key: 10603, value: 
key: 3917, value: 
key: 29373, value: 
key: 6532, value: 
key: 11302, value: 
key: 3328, value: 
key: 77555, value: 
key: 91017, value: 
key: 17515, value: 
key: 50351, value: 
key: 342297, value: 
key: 306105, value: 
key: 86098, value: 
key: 1316, value: 
key: 380697, value: 
key: 40930, value: 
key: 2250, value: 
key: 209120, value: 
key: 140945, value: 
key: 19212, value: 
key: 1688, value: 
key: 1068, value: 
key: 15168, value: 
key: 1192, value: 
key: 52255, value: 
key: 357673, value: 
key: 719162, value: 
key: 238615, value: 
key: 502, value: 
key: 93821, value: 
key: 47354, value: 
key: 213462, value: 
key: 400008, value: 
key: 298786, value: 
key: 217294, value: 
key: 41103, value: 
key: 581, value: 
key: 287, value: 
key: 2854, value: 
key: 24798, value: 
key: 22896, value: 
key: 9726, value: 
key: 37471, value: 
key: 13282, value: 
key: 53017, value: 
key: 6736, value: 
key: 158306, value: 
key: 110756, value: 
key: 3378, value: 
key: 199572, value: 
key: 14828, value: 
key: 3939, value: 
key: 486872, value: 
key: 249316, value: 
key: 30459, value: 
key: 18148, value: 
key: 664, value: 
key: 395908, value: 
key: 233721, value: 
key: 55260, value: 
key: 81789, value: 
key: 13985, value: 
key: 23882, value: 
key: 146264, value: 
key: 626530, value: 
key: 82790, value: 
key: 962046, value: 
key: 9926, value: 
key: 44378, value: 
key: 452739, value: 
key: 43642, value: 
key: 64355, value: 
key: 349596, value: 
key: 5596, value: 
key: 1124, value: 
key: 338706, value: 
key: 606826, value: 
key: 581700, value: 
key: 1552, value: 
key: 5821, value: 
key: 3739, value: 
key: 7866, value: 
key: 14323, value: 
key: 15951, value: 
key: 418688, value: 
key: 62014, value: 
key: 27021, value: 
key: 871391, value: 
key: 393939, value: 
key: 119, value: 
key: 103757, value: 
key: 12576, value: 
key: 24561, value: 
key: 1280, value: 
key: 32, value: 
key: 181898, value: 
key: 138857, value: 
key: 444422, value: 
key: 1116, value: 
key: 207666, value: 
key: 190881, value: 
key: 8349, value: 
key: 27834, value: 
key: 36194, value: 
key: 3662, value: 
key: 12364, value: 
key: 701, value: 
key: 82879, value: 
key: 321645, value: 
key: 14652, value: 
key: 4685, value: 
key: 282816, value: 
key: 80461, value: 
key: 5241, value: 
key: 277371, value: 
key: 4016, value: 
key: 314814, value: 
key: 1974, value: 
key: 2124, value: 
key: 2892, value: 
key: 12277, value: 
key: 752, value: 
key: 233123, value: 
key: 491398, value: 
key: 29294, value: 
key: 846941, value: 
key: 31961, value: 
key: 741507, value: 
key: 8758, value: 
key: 8772, value: 
key: 14078, value: 
key: 537588, value: 
key: 35616, value: 
key: 73286, value: 
key: 46728, value: 
key: 92644, value: 
key: 44468, value: 
key: 3024, value: 
key: 854829, value: 
key: 8145, value: 
key: 32599, value: 
key: 214430, value: 
key: 11499, value: 
key: 251274, value: 
key: 752225, value: 
key: 40488, value: 
key: 165427, value: 
key: 182605, value: 
key: 14400, value: 
key: 290447, value: 
key: 127433, value: 
key: 472595, value: 
key: 44311, value: 
key: 620904, value: 
key: 139942, value: 
key: 277186, value: 
key: 495, value: 
key: 201481, value: 
key: 353632, value: 
key: 177222, value: 
key: 10241, value: 
key: 5224, value: 
key: 175696, value: 
key: 4655, value: 
key: 202, value: 
key: 92131, value: 
key: 285726, value: 
key: 62368, value: 
key: 521473, value: 
key: 57197, value: 
key: 328127, value: 
key: 87191, value: 
key: 13457, value: 
key: 873016, value: 
key: 500060, value: 
key: 1076, value: 
key: 10610, value: 
key: 11536, value: 
key: 16669, value: 
key: 2421, value: 
key: 435928, value: 
key: 103836, value: 
key: 40744, value: 
key: 22744, value: 
key: 14504, value: 
key: 42735, value: 
key: 568333, value: 
key: 12919, value: 
key: 18538, value: 
key: 104955, value: 
key: 24727, value: 
key: 4365, value: 
key: 101121, value: 
key: 920128, value: 
key: 7926, value: 
key: 3512, value: 
key: 5344, value: 
key: 733136, value: 
key: 13450, value: 
key: 3888, value: 
key: 290244, value: 
key: 61317, value: 
key: 577829, value: 
key: 7297, value: 
key: 30940, value: 
key: 5664, value: 
key: 49716, value: 
key: 9920, value: 
key: 3944, value: 
key: 285979, value: 
key: 202559, value: 
key: 9261, value: 
key: 1269, value: 
key: 978902, value: 
key: 74088, value: 
key: 3258, value: 
key: 3753, value: 
key: 56062, value: 
key: 884146, value: 
key: 180103, value: 
key: 33111, value: 
key: 565862, value: 
key: 105187, value: 
key: 51991, value: 
key: 2272, value: 
key: 343797, value: 
key: 898, value: 
key: 64594, value: 
key: 19423, value: 
key: 10499, value: 
key: 22336, value: 
key: 7346, value: 
key: 370520, value: 
key: 75561, value: 
key: 6746, value: 
key: 2213, value: 
key: 41119, value: 
key: 84688, value: 
key: 2607, value: 
key: 12129, value: 
key: 143475, value: 
key: 35177, value: 
key: 44442, value: 
key: 813556, value: 
key: 347762, value: 
key: 5648, value: 
key: 52280, value: 
key: 15823, value: 
key: 429974, value: 
key: 22907, value: 
key: 8805, value: 
key: 33274, value: 
key: 171186, value: 
key: 671, value: 
key: 3054, value: 
key: 30136, value: 
key: 22038, value: 
key: 3733, value: 
key: 1168, value: 
key: 314110, value: 
key: 627, value: 
key: 20313, value: 
key: 146768, value: 
key: 48653, value: 
key: 877, value: 
key: 15890, value: 
key: 296511, value: 
key: 2461, value: 
key: 4434, value: 
key: 13072, value: 
key: 282429, value: 
key: 382708, value: 
key: 414388, value: 
key: 837326, value: 
key: 78491, value: 
key: 46031, value: 
key: 277323, value: 
key: 672633, value: 
key: 22219, value: 
key: 884, value: 
key: 14654, value: 
key: 33706, value: 
key: 48932, value: 
key: 1566, value: 
key: 20420, value: 
key: 12665, value: 
key: 529434, value: 
key: 1174, value: 
key: 7389, value: 
key: 177938, value: 
key: 14514, value: 
key: 161245, value: 
key: 309207, value: 
key: 433994, value: 
key: 876864, value: 
key: 7166, value: 
key: 2853, value: 
key: 305725, value: 
key: 1528, value: 
key: 303020, value: 
key: 522239, value: 
key: 16420, value: 
key: 1508, value: 
key: 26952, value: 
key: 10701, value: 
key: 26580, value: 
key: 23875, value: 
key: 409019, value: 
key: 57711, value: 
key: 17786, value: 
key: 3857, value: 
key: 6705, value: 
key: 317748, value: 
key: 6575, value: 
key: 24056, value: 
key: 32565, value: 
key: 18031, value: 
key: 3283, value: 
key: 1032, value: 
key: 2494, value: 
key: 43588, value: 
key: 340829, value: 
key: 441754, value: 
key: 18414, value: 
key: 86382, value: 
key: 744026, value: 
key: 1888, value: 
key: 1301, value: 
key: 15207, value: 
key: 7169, value: 
key: 3042, value: 
key: 2226, value: 
key: 6455, value: 
key: 648152, value: 
key: 5286, value: 
key: 385, value: 
key: 6466, value: 
key: 372079, value: 
key: 17045, value: 
key: 10830, value: 
key: 40476, value: 
key: 17222, value: 
key: 16754, value: 
key: 674957, value: 
key: 1891, value: 
key: 3886, value: 
key: 953139, value: 
key: 2524, value: 
key: 14315, value: 
key: 38129, value: 
key: 4784, value: 
key: 315959, value: 
key: 3201, value: 
key: 356, value: 
key: 11009, value: 
key: 484395, value: 
key: 14332, value: 
key: 267582, value: 
key: 711, value: 
key: 66972, value: 
key: 133153, value: 
key: 1224, value: 
key: 38753, value: 
key: 56153, value: 
key: 15781, value: 
key: 215726, value: 
key: 8124, value: 
key: 105533, value: 
key: 12108, value: 
key: 130547, value: 
key: 15, value: 
key: 416221, value: 
key: 62645, value: 
key: 710834, value: 
key: 56969, value: 
key: 10336, value: 
key: 707718, value: 
key: 42696, value: 
key: 156360, value: 
key: 27957, value: 
key: 19758, value: 
key: 1177, value: 
key: 516, value: 
key: 11887, value: 
key: 163915, value: 
key: 2682, value: 
key: 34684, value: 
key: 4408, value: 
key: 6833, value: 
key: 974890, value: 
key: 47861, value: 
key: 53451, value: 
key: 76858, value: 
key: 17765, value: 
key: 972, value: 
key: 297, value: 
key: 404097, value: 
key: 986447, value: 
key: 142209, value: 
key: 122829, value: 
key: 5719, value: 
key: 982, value: 
key: 15916, value: 
key: 240845, value: 
key: 7457, value: 
key: 327168, value: 
key: 699473, value: 
key: 1980, value: 
key: 68156, value: 
key: 570824, value: 
key: 33212, value: 
key: 3967, value: 
key: 5016, value: 
key: 26730, value: 
key: 492731, value: 
key: 2668, value: 
key: 4169, value: 
key: 646131, value: 
key: 368754, value: 
key: 398938, value: 
key: 1191, value: 
key: 16604, value: 
key: 879936, value: 
key: 2825, value: 
key: 8703, value: 
key: 416228, value: 
key: 79559, value: 
key: 380924, value: 
key: 477, value: 
key: 8317, value: 
key: 447375, value: 
key: 249, value: 
key: 770991, value: 
key: 482770, value: 
key: 122129, value: 
key: 626258, value: 
key: 256638, value: 
key: 496, value: 
key: 1580, value: 
key: 807898, value: 
key: 575881, value: 
key: 2831, value: 
key: 252735, value: 
key: 232461, value: 
key: 787, value: 
key: 178373, value: 
key: 1236, value: 
key: 830728, value: 
key: 857081, value: 
key: 160680, value: 
key: 362, value: 
key: 246932, value: 
key: 49933, value: 
key: 228417, value: 
key: 794710, value: 
key: 40823, value: 
key: 2499, value: 
key: 1057, value: 
key: 43733, value: 
key: 402068, value: 
key: 360812, value: 
key: 10108, value: 
key: 865128, value: 
key: 718, value: 
key: 6326, value: 
key: 190867, value: 
key: 2828, value: 
key: 366344, value: 
key: 20195, value: 
key: 1181, value: 
key: 168384, value: 
key: 906463, value: 
key: 142587, value: 
key: 8070, value: 
key: 172488, value: 
key: 630131, value: 
key: 346863, value: 
key: 467872, value: 
key: 2482, value: 
key: 4666, value: 
key: 858380, value: 
key: 47992, value: 
key: 779, value: 
key: 396, value: 
key: 9703, value: 
key: 1093, value: 
key: 292912, value: 
key: 384918, value: 
key: 34433, value: 
key: 60224, value: 
key: 4661, value: 
key: 8857, value: 
key: 329828, value: 
key: 41852, value: 
key: 82022, value: 
key: 16586, value: 
key: 17881, value: 
key: 58646, value: 
key: 35213, value: 
key: 189114, value: 
key: 7271, value: 
key: 90353, value: 
key: 119522, value: 
key: 5662, value: 
key: 1594, value: 
key: 2599, value: 
key: 26595, value: 
key: 63307, value: 
key: 5421, value: 
key: 22316, value: 
key: 224712, value: 
key: 21910, value: 
key: 66871, value: 
key: 167640, value: 
key: 4703, value: 
key: 1789, value: 
key: 19145, value: 
key: 192268, value: 
key: 105, value: 
key: 9312, value: 
key: 39477, value: 
key: 6269, value: 
key: 116916, value: 
key: 4074, value: 
key: 29263, value: 
key: 66363, value: 
key: 155193, value: 
key: 296491, value: 
key: 677413, value: 
key: 6359, value: 
key: 5628, value: 
key: 30148, value: 
key: 2231, value: 
key: 667813, value: 
key: 177, value: 
key: 120138, value: 
key: 100301, value: 
key: 168726, value: 
key: 29916, value: 
key: 57401, value: 
key: 6416, value: 
key: 86901, value: 
key: 484890, value: 
key: 137470, value: 
key: 24847, value: 
key: 1527, value: 
key: 9587, value: 
key: 393715, value: 
key: 536249, value: 
key: 4212, value: 
key: 10137, value: 
key: 382207, value: 
key: 12669, value: 
key: 4831, value: 
key: 14199, value: 
key: 827, value: 
key: 39223, value: 
key: 559599, value: 
key: 7404, value: 
key: 37879, value: 
key: 330618, value: 
key: 512405, value: 
key: 414429, value: 
key: 1259, value: 
key: 4302, value: 
key: 230102, value: 
key: 870988, value: 
key: 18021, value: 
key: 1340, value: 
key: 12536, value: 
key: 10409, value: 
key: 793, value: 
key: 14047, value: 
key: 264501, value: 
key: 260017, value: 
key: 8460, value: 
key: 5116, value: 
key: 283955, value: 
key: 772, value: 
key: 312, value: 
key: 1765, value: 
key: 652099, value: 
key: 4672, value: 
key: 22673, value: 
key: 511, value: 
key: 117195, value: 
key: 459, value: 
key: 69160, value: 
key: 1614, value: 
key: 246531, value: 
key: 121384, value: 
key: 8613, value: 
key: 313929, value: 
key: 188028, value: 
key: 766228, value: 
key: 922, value: 
key: 815625, value: 
key: 7002, value: 
key: 6250, value: 
key: 72792, value: 
key: 1433, value: 
key: 2874, value: 
key: 449, value: 
key: 974169, value: 
key: 65972, value: 
key: 182080, value: 
key: 41865, value: 
key: 103318, value: 
key: 170835, value: 
key: 21549, value: 
key: 50638, value: 
key: 97867, value: 
key: 192119, value: 
key: 260514, value: 
key: 86448, value: 
key: 37314, value: 
key: 41114, value: 
key: 9627, value: 
key: 38707, value: 
key: 1483, value: 
key: 83135, value: 
key: 74, value: 
key: 763, value: 
key: 16467, value: 
key: 693102, value: 
key: 119343, value: 
key: 16173, value: 
key: 1243, value: 
key: 726851, value: 
key: 69623, value: 
key: 95284, value: 
key: 699360, value: 
key: 52296, value: 
key: 1649, value: 
key: 6938, value: 
key: 52700, value: 
key: 866, value: 
key: 29674, value: 
key: 75476, value: 
key: 11688, value: 
key: 13093, value: 
key: 291492, value: 
key: 9406, value: 
key: 4631, value: 
key: 81227, value: 
key: 9068, value: 
key: 5772, value: 
key: 61387, value: 
key: 225203, value: 
key: 15877, value: 
key: 10445, value: 
key: 301, value: 
key: 223478, value: 
key: 66578, value: 
key: 1246, value: 
key: 2083, value: 
key: 38316, value: 
key: 170419, value: 
key: 5951, value: 
key: 3047, value: 
key: 9364, value: 
key: 278331, value: 
key: 457, value: 
key: 871, value: 
key: 378200, value: 
key: 3445, value: 
key: 147, value: 
key: 37150, value: 
key: 46863, value: 
key: 52037, value: 
key: 11124, value: 
key: 30985, value: 
key: 4937, value: 
key: 379340, value: 
key: 126367, value: 
key: 90272, value: 
key: 2849, value: 
key: 659226, value: 
key: 419389, value: 
key: 507787, value: 
key: 56024, value: 
key: 7887, value: 
key: 2416, value: 
key: 322425, value: 
key: 201549, value: 
key: 488368, value: 
key: 142053, value: 
key: 6868, value: 
key: 97882, value: 
key: 54734, value: 
key: 565668, value: 
key: 39389, value: 
key: 3747, value: 
key: 43641, value: 
key: 6655, value: 
key: 1064, value: 
key: 178580, value: 
key: 272594, value: 
key: 259, value: 
key: 319046, value: 
key: 43349, value: 
key: 19630, value: 
key: 10489, value: 
key: 41475, value: 
key: 35821, value: 
key: 6129, value: 
key: 17017, value: 
key: 153602, value: 
key: 3165, value: 
key: 8714, value: 
key: 73619, value: 
key: 816236, value: 
key: 447201, value: 
key: 35261, value: 
key: 657, value: 
key: 4286, value: 
key: 2367, value: 
key: 12114, value: 
key: 184, value: 
key: 131998, value: 
key: 1719, value: 
key: 713405, value: 
key: 2046, value: 
key: 1959, value: 
key: 427474, value: 
key: 987752, value: 
key: 4320, value: 
key: 1370, value: 
key: 544, value: 
key: 22377, value: 
key: 660856, value: 
key: 231, value: 
key: 186348, value: 
key: 8448, value: 
key: 11681, value: 
key: 52640, value: 
key: 311, value: 
key: 840996, value: 
key: 23834, value: 
key: 566, value: 
key: 43741, value: 
key: 165463, value: 
key: 7402, value: 
key: 44863, value: 
key: 377420, value: 
key: 9153, value: 
key: 53098, value: 
key: 2128, value: 
key: 3829, value: 
key: 885594, value: 
key: 51249, value: 
key: 3552, value: 
key: 106041, value: 
key: 1380, value: 
key: 139411, value: 
key: 100431, value: 
key: 127835, value: 
key: 10934, value: 
key: 15327, value: 
key: 52660, value: 
key: 1657, value: 
key: 168046, value: 
key: 111096, value: 
key: 344413, value: 
key: 12098, value: 
key: 948850, value: 
key: 1140, value: 
key: 226019, value: 
key: 1513, value: 
key: 3646, value: 
key: 347, value: 
key: 643, value: 
key: 2253, value: 
key: 199165, value: 
key: 145772, value: 
key: 54976, value: 
key: 56578, value: 
key: 225728, value: 
key: 1320, value: 
key: 25688, value: 
key: 108462, value: 
key: 632370, value: 
key: 358634, value: 
key: 443, value: 
key: 6716, value: 
key: 44139, value: 
key: 98891, value: 
key: 941187, value: 
key: 226106, value: 
key: 2405, value: 
key: 22117, value: 
key: 218391, value: 
key: 193028, value: 
key: 135309, value: 
key: 525, value: 
key: 32013, value: 
key: 134665, value: 
key: 38224, value: 
key: 651847, value: 
key: 212223, value: 
key: 122847, value: 
key: 1457, value: 
key: 20392, value: 
key: 868, value: 
key: 341316, value: 
key: 165859, value: 
key: 88782, value: 
key: 900, value: 
key: 572723, value: 
key: 6216, value: 
key: 189017, value: 
key: 154423, value: 
key: 245113, value: 
key: 4899, value: 
key: 241761, value: 
key: 53211, value: 
key: 68765, value: 
key: 1131, value: 
key: 900281, value: 
key: 6827, value: 
key: 383564, value: 
key: 3381, value: 
key: 5227, value: 
key: 7294, value: 
key: 16567, value: 
key: 9519, value: 
key: 8917, value: 
key: 4859, value: 
key: 225425, value: 
key: 714, value: 
key: 3399, value: 
key: 290227, value: 
key: 2894, value: 
key: 51580, value: 
key: 13995, value: 
key: 8762, value: 
key: 29444, value: 
key: 6084, value: 
key: 341034, value: 
key: 329095, value: 
key: 305758, value: 
key: 16168, value: 
key: 43826, value: 
key: 3204, value: 
key: 222004, value: 
key: 8883, value: 
key: 861688, value: 
key: 35307, value: 
key: 287409, value: 
key: 891, value: 
key: 48311, value: 
key: 166639, value: 
key: 217466, value: 
key: 147689, value: 
key: 5547, value: 
key: 5631, value: 
key: 3308, value: 
key: 69274, value: 
key: 7286, value: 
key: 11304, value: 
key: 14981, value: 
key: 23460, value: 
key: 334372, value: 
key: 5251, value: 
key: 93504, value: 
key: 470702, value: 
key: 96808, value: 
key: 60816, value: 
key: 13614, value: 
key: 70808, value: 
key: 12868, value: 
key: 21994, value: 
key: 261, value: 
key: 34521, value: 
key: 194018, value: 
key: 812806, value: 
key: 568, value: 
key: 117517, value: 
key: 678232, value: 
key: 104303, value: 
key: 89860, value: 
key: 808, value: 
key: 81072, value: 
key: 991037, value: 
key: 431957, value: 
key: 241285, value: 
key: 12387, value: 
key: 436959, value: 
key: 194337, value: 
key: 10605, value: 
key: 27261, value: 
key: 34826, value: 
key: 10923, value: 
key: 280483, value: 
key: 81439, value: 
key: 233157, value: 
key: 53574, value: 
key: 232161, value: 
key: 412, value: 
key: 24639, value: 
key: 438, value: 
key: 20210, value: 
key: 31698, value: 
key: 96594, value: 
key: 178669, value: 
key: 7141, value: 
key: 640, value: 
key: 101343, value: 
key: 1929, value: 
key: 14886, value: 
key: 15887, value: 
key: 1966, value: 
key: 58813, value: 
key: 1024, value: 
key: 3621, value: 
key: 854, value: 
key: 2090, value: 
key: 278, value: 
key: 276616, value: 
key: 716056, value: 
key: 60, value: 
key: 435, value: 
key: 36166, value: 
key: 73856, value: 
key: 6342, value: 
key: 2395, value: 
key: 987401, value: 
key: 184205, value: 
key: 783217, value: 
key: 480379, value: 
key: 49150, value: 
key: 92396, value: 
key: 4290, value: 
key: 697140, value: 
key: 42858, value: 
key: 252388, value: 
key: 15187, value: 
key: 2456, value: 
key: 466699, value: 
key: 380227, value: 
key: 927364, value: 
key: 97492, value: 
key: 53089, value: 
key: 81648, value: 
key: 132592, value: 
key: 134728, value: 
key: 13278, value: 
key: 5657, value: 
key: 42757, value: 
key: 64613, value: 
key: 12382, value: 
key: 182, value: 
key: 506757, value: 
key: 59571, value: 
key: 1824, value: 
key: 15573, value: 
key: 7248, value: 
key: 219826, value: 
key: 115354, value: 
key: 15348, value: 
key: 62730, value: 
key: 5324, value: 
key: 66667, value: 
key: 23452, value: 
key: 337928, value: 
key: 16113, value: 
key: 40627, value: 
key: 36792, value: 
key: 397824, value: 
key: 20906, value: 
key: 418603, value: 
key: 163366, value: 
key: 14540, value: 
key: 112661, value: 
key: 554, value: 
key: 20096, value: 
key: 5128, value: 
key: 8308, value: 
key: 62376, value: 
key: 1690, value: 
key: 7746, value: 
key: 83717, value: 
key: 222108, value: 
key: 214787, value: 
key: 2981, value: 
key: 3382, value: 
key: 22319, value: 
key: 812695, value: 
key: 549912, value: 
key: 141370, value: 
key: 6498, value: 
key: 25870, value: 
key: 2208, value: 
key: 132842, value: 
key: 54883, value: 
key: 1422, value: 
key: 35016, value: 
key: 857308, value: 
key: 44549, value: 
key: 2261, value: 
key: 15180, value: 
key: 5907, value: 
key: 537689, value: 
key: 10440, value: 
key: 9769, value: 
key: 10208, value: 
key: 69629, value: 
key: 5963, value: 
key: 13656, value: 
key: 9690, value: 
key: 66997, value: 
key: 22872, value: 
key: 20905, value: 
key: 2148, value: 
key: 36012, value: 
key: 678811, value: 
key: 180204, value: 
key: 728932, value: 
key: 4815, value: 
key: 4555, value: 
key: 53029, value: 
key: 157722, value: 
key: 193277, value: 
key: 41530, value: 
key: 569720, value: 
key: 732, value: 
key: 639461, value: 
key: 70886, value: 
key: 34954, value: 
key: 50206, value: 
key: 54479, value: 
key: 1454, value: 
key: 15146, value: 
key: 176484, value: 
key: 735436, value: 
key: 52476, value: 
key: 809383, value: 
key: 13026, value: 
key: 18144, value: 
key: 4917, value: 
key: 341375, value: 
key: 20042, value: 
key: 8723, value: 
key: 343528, value: 
key: 964, value: 
key: 37657, value: 
key: 1198, value: 
key: 8171, value: 
key: 17530, value: 
key: 201216, value: 
key: 6996, value: 
key: 1727, value: 
key: 45149, value: 
key: 440731, value: 
key: 477513, value: 
key: 9193, value: 
key: 78614, value: 
key: 12735, value: 
key: 526666, value: 
key: 41422, value: 
key: 35541, value: 
key: 5723, value: 
key: 741644, value: 
key: 1311, value: 
key: 15590, value: 
key: 548388, value: 
key: 994, value: 
key: 2259, value: 
key: 46491, value: 
key: 94146, value: 
key: 41894, value: 
key: 14694, value: 
key: 39180, value: 
key: 51177, value: 
key: 1070, value: 
key: 7472, value: 
key: 2694, value: 
key: 30988, value: 
key: 8948, value: 
key: 41671, value: 
key: 7648, value: 
key: 16607, value: 
key: 52615, value: 
key: 7148, value: 
key: 139981, value: 
key: 1389, value: 
key: 205, value: 
key: 52211, value: 
key: 192924, value: 
key: 45784, value: 
key: 107836, value: 
key: 804985, value: 
key: 2952, value: 
key: 34234, value: 
key: 714658, value: 
key: 63645, value: 
key: 157150, value: 
key: 6438, value: 
key: 63453, value: 
key: 11789, value: 
key: 19401, value: 
key: 670646, value: 
key: 561994, value: 
key: 6975, value: 
key: 424071, value: 
key: 12502, value: 
key: 31871, value: 
key: 596836, value: 
key: 5902, value: 
key: 207510, value: 
key: 109594, value: 
key: 255041, value: 
key: 272446, value: 
key: 8778, value: 
key: 975635, value: 
key: 58849, value: 
key: 5919, value: 
key: 3367, value: 
key: 7007, value: 
key: 12551, value: 
key: 493533, value: 
key: 760, value: 
key: 196159, value: 
key: 851957, value: 
key: 152377, value: 
key: 9355, value: 
key: 83523, value: 
key: 431462, value: 
key: 20414, value: 
key: 14050, value: 
key: 328780, value: 
key: 17539, value: 
key: 1658, value: 
key: 1260, value: 
key: 191292, value: 
key: 324829, value: 
key: 78840, value: 
key: 149626, value: 
key: 500127, value: 
key: 30925, value: 
key: 116913, value: 
key: 105607, value: 
key: 160024, value: 
key: 27220, value: 
key: 8036, value: 
key: 28583, value: 
key: 527839, value: 
key: 1560, value: 
key: 588, value: 
key: 371171, value: 
key: 574805, value: 
key: 415146, value: 
key: 548076, value: 
key: 7777, value: 
key: 4732, value: 
key: 54162, value: 
key: 30521, value: 
key: 15322, value: 
key: 3635, value: 
key: 2356, value: 
key: 3100, value: 
key: 6198, value: 
key: 299663, value: 
key: 86914, value: 
key: 40113, value: 
key: 240710, value: 
key: 4072, value: 
key: 452771, value: 
key: 270045, value: 
key: 25380, value: 
key: 251763, value: 
key: 50398, value: 
key: 786354, value: 
key: 314090, value: 
key: 57587, value: 
key: 2535, value: 
key: 26125, value: 
key: 1228, value: 
key: 32260, value: 
key: 39107, value: 
key: 1857, value: 
key: 463727, value: 
key: 2939, value: 
key: 253, value: 
key: 121869, value: 
key: 253250, value: 
key: 24345, value: 
key: 1878, value: 
key: 153278, value: 
key: 8614, value: 
key: 3517, value: 
key: 6934, value: 
key: 3421, value: 
key: 118122, value: 
key: 4993, value: 
key: 29650, value: 
key: 22214, value: 
key: 6137, value: 
key: 40550, value: 
key: 8368, value: 
key: 29366, value: 
key: 766, value: 
key: 41312, value: 
key: 9976, value: 
key: 56224, value: 
key: 175648, value: 
key: 1005, value: 
key: 67642, value: 
key: 84489, value: 
key: 95789, value: 
key: 129097, value: 
key: 23528, value: 
key: 21729, value: 
key: 104983, value: 
key: 55566, value: 
key: 30627, value: 
key: 40175, value: 
key: 292, value: 
key: 26696, value: 
key: 87208, value: 
key: 1551, value: 
key: 4797, value: 
key: 345053, value: 
key: 71846, value: 
key: 103991, value: 
key: 24633, value: 
key: 5290, value: 
key: 228131, value: 
key: 3712, value: 
key: 570656, value: 
key: 101922, value: 
key: 138623, value: 
key: 1743, value: 
key: 1227, value: 
key: 118265, value: 
key: 248865, value: 
key: 494201, value: 
key: 18819, value: 
key: 34014, value: 
key: 141053, value: 
key: 23237, value: 
key: 75218, value: 
key: 6255, value: 
key: 86495, value: 
key: 501944, value: 
key: 2786, value: 
key: 273, value: 
key: 5469, value: 
key: 64858, value: 
key: 21830, value: 
key: 19946, value: 
key: 160497, value: 
key: 1611, value: 
key: 58038, value: 
key: 124056, value: 
key: 533610, value: 
key: 274699, value: 
key: 1913, value: 
key: 140917, value: 
key: 5083, value: 
key: 137366, value: 
key: 248838, value: 
key: 1593, value: 
key: 184231, value: 
key: 3688, value: 
key: 110672, value: 
key: 2700, value: 
key: 12776, value: 
key: 577971, value: 
key: 20369, value: 
key: 590382, value: 
key: 440174, value: 
key: 42571, value: 
key: 777297, value: 
key: 44833, value: 
key: 634, value: 
key: 19436, value: 
key: 30351, value: 
key: 33829, value: 
key: 99913, value: 
key: 464069, value: 
key: 29037, value: 
key: 307, value: 
key: 474, value: 
key: 39277, value: 
key: 25335, value: 
key: 10380, value: 
key: 161627, value: 
key: 15809, value: 
key: 29565, value: 
key: 34, value: 
key: 72071, value: 
key: 14397, value: 
key: 629199, value: 
key: 47892, value: 
key: 886069, value: 
key: 60947, value: 
key: 1003, value: 
key: 1294, value: 
key: 571059, value: 
key: 17144, value: 
key: 350187, value: 
key: 68827, value: 
key: 20279, value: 
key: 87754, value: 
key: 154682, value: 
key: 88480, value: 
key: 38009, value: 
key: 6766, value: 
key: 1087, value: 
key: 2410, value: 
key: 92, value: 
key: 39152, value: 
key: 205483, value: 
key: 8436, value: 
key: 22521, value: 
key: 125574, value: 
key: 7513, value: 
key: 276573, value: 
key: 38668, value: 
key: 504701, value: 
key: 485, value: 
key: 33720, value: 
key: 610, value: 
key: 698480, value: 
key: 83007, value: 
key: 9243, value: 
key: 2141, value: 
key: 86738, value: 
key: 431764, value: 
key: 91507, value: 
key: 30610, value: 
key: 21529, value: 
key: 22, value: 
key: 336105, value: 
key: 422152, value: 
key: 15290, value: 
key: 2946, value: 
key: 6221, value: 
key: 459044, value: 
key: 57554, value: 
key: 8894, value: 
key: 45169, value: 
key: 79805, value: 
key: 2657, value: 
key: 81834, value: 
key: 852037, value: 
key: 762062, value: 
key: 118321, value: 
key: 3851, value: 
key: 1304, value: 
key: 72656, value: 
key: 621, value: 
key: 5936, value: 
key: 934927, value: 
key: 91293, value: 
key: 4886, value: 
key: 196495, value: 
key: 101884, value: 
key: 179430, value: 
key: 236082, value: 
key: 10725, value: 
key: 520, value: 
key: 92093, value: 
key: 373456, value: 
key: 115207, value: 
key: 11610, value: 
key: 652224, value: 
key: 954, value: 
key: 40769, value: 
key: 44589, value: 
key: 63942, value: 
key: 76416, value: 
key: 4384, value: 
key: 95537, value: 
key: 19307, value: 
key: 46058, value: 
key: 50, value: 
key: 19090, value: 
key: 229208, value: 
key: 12733, value: 
key: 1710, value: 
key: 281001, value: 
key: 167328, value: 
key: 12246, value: 
key: 41509, value: 
key: 22252, value: 
key: 59298, value: 
key: 220757, value: 
key: 47648, value: 
key: 153283, value: 
key: 24856, value: 
key: 125545, value: 
key: 9990, value: 
key: 20603, value: 
key: 3658, value: 
key: 27551, value: 
key: 198350, value: 
key: 744615, value: 
key: 385486, value: 
key: 566696, value: 
key: 46997, value: 
key: 622, value: 
key: 97389, value: 
key: 15086, value: 
key: 2623, value: 
key: 11926, value: 
key: 335254, value: 
key: 602494, value: 
key: 75712, value: 
key: 8380, value: 
key: 655650, value: 
key: 955289, value: 
key: 95188, value: 
key: 22217, value: 
key: 43420, value: 
key: 482914, value: 
key: 386, value: 
key: 5889, value: 
key: 816, value: 
key: 32190, value: 
key: 380280, value: 
key: 342980, value: 
key: 45031, value: 
key: 19962, value: 
key: 96472, value: 
key: 9480, value: 
key: 51159, value: 
key: 711983, value: 
key: 7810, value: 
key: 59699, value: 
key: 553889, value: 
key: 713297, value: 
key: 23412, value: 
key: 474710, value: 
key: 46713, value: 
key: 240839, value: 
key: 925080, value: 
key: 346457, value: 
key: 13347, value: 
key: 16722, value: 
key: 705077, value: 
key: 88997, value: 
key: 34335, value: 
key: 427899, value: 
key: 771331, value: 
key: 1722, value: 
key: 168173, value: 
key: 867454, value: 
key: 625483, value: 
key: 578432, value: 
key: 214639, value: 
key: 935534, value: 
key: 222841, value: 
key: 335, value: 
key: 29682, value: 
key: 4177, value: 
key: 847968, value: 
key: 864245, value: 
key: 32042, value: 
key: 66344, value: 
key: 12685, value: 
key: 6337, value: 
key: 68297, value: 
key: 19628, value: 
key: 2328, value: 
key: 26403, value: 
key: 42935, value: 
key: 7030, value: 
key: 60913, value: 
key: 17959, value: 
key: 27896, value: 
key: 1978, value: 
key: 588122, value: 
key: 53735, value: 
key: 34522, value: 
key: 2727, value: 
key: 108102, value: 
key: 12767, value: 
key: 20678, value: 
key: 138939, value: 
key: 1501, value: 
key: 894018, value: 
key: 7264, value: 
key: 456652, value: 
key: 21466, value: 
key: 130096, value: 
key: 145583, value: 
key: 991, value: 
key: 498447, value: 
key: 47066, value: 
key: 78676, value: 
key: 78806, value: 
key: 295016, value: 
key: 185471, value: 
key: 423353, value: 
key: 3457, value: 
key: 658, value: 
key: 8605, value: 
key: 162525, value: 
key: 10460, value: 
key: 714428, value: 
key: 683845, value: 
key: 80773, value: 
key: 247733, value: 
key: 395282, value: 
key: 13174, value: 
key: 2736, value: 
key: 2330, value: 
key: 4432, value: 
key: 71349, value: 
key: 250600, value: 
key: 155911, value: 
key: 47292, value: 
key: 3255, value: 
key: 51851, value: 
key: 28484, value: 
key: 75060, value: 
key: 449285, value: 
key: 179673, value: 
key: 4021, value: 
key: 59, value: 
key: 31495, value: 
key: 25651, value: 
key: 67717, value: 
key: 55278, value: 
key: 287458, value: 
key: 43335, value: 
key: 684255, value: 
key: 51022, value: 
key: 445829, value: 
key: 22018, value: 
key: 3958, value: 
key: 705322, value: 
key: 7565, value: 
key: 9200, value: 
key: 22026, value: 
key: 7743, value: 
key: 1046, value: 
key: 575180, value: 
key: 4621, value: 
key: 306873, value: 
key: 54938, value: 
key: 20038, value: 
key: 893514, value: 
key: 6541, value: 
key: 929267, value: 
key: 43320, value: 
key: 8644, value: 
key: 375274, value: 
key: 33510, value: 
key: 1996, value: 
key: 3086, value: 
key: 343564, value: 
key: 3075, value: 
key: 26384, value: 
key: 201171, value: 
key: 3825, value: 
key: 177667, value: 
key: 17227, value: 
key: 65779, value: 
key: 5593, value: 
key: 98914, value: 
key: 9547, value: 
key: 10456, value: 
key: 16581, value: 
key: 1864, value: 
key: 181373, value: 
key: 2188, value: 
key: 16364, value: 
key: 46497, value: 
key: 292747, value: 
key: 6031, value: 
key: 234, value: 
key: 3099, value: 
key: 7698, value: 
key: 7540, value: 
key: 666412, value: 
key: 467861, value: 
key: 726492, value: 
key: 312668, value: 
key: 91692, value: 
key: 661223, value: 
key: 14934, value: 
key: 126947, value: 
key: 6604, value: 
key: 76329, value: 
key: 110866, value: 
key: 3839, value: 
key: 487395, value: 
key: 23056, value: 
key: 267272, value: 
key: 3811, value: 
key: 299128, value: 
key: 36286, value: 
key: 4919, value: 
key: 835133, value: 
key: 83362, value: 
key: 40089, value: 
key: 62058, value: 
key: 1359, value: 
key: 31, value: 
key: 84818, value: 
key: 2583, value: 
key: 2390, value: 
key: 393050, value: 
key: 12837, value: 
key: 5606, value: 
key: 6830, value: 
key: 199196, value: 
key: 504235, value: 
key: 10055, value: 
key: 14454, value: 
key: 304692, value: 
key: 151298, value: 
key: 813636, value: 
key: 264432, value: 
key: 56, value: 
key: 463982, value: 
key: 1863, value: 
key: 7278, value: 
key: 97716, value: 
key: 9510, value: 
key: 96328, value: 
key: 274, value: 
key: 481221, value: 
key: 174436, value: 
key: 20931, value: 
key: 10530, value: 
key: 220563, value: 
key: 745898, value: 
key: 4962, value: 
key: 547, value: 
key: 5960, value: 
key: 159668, value: 
key: 122490, value: 
key: 13339, value: 
key: 33916, value: 
key: 11089, value: 
key: 4187, value: 
key: 35850, value: 
key: 55668, value: 
key: 70236, value: 
key: 2775, value: 
key: 19564, value: 
key: 8732, value: 
key: 943898, value: 
key: 6162, value: 
key: 544274, value: 
key: 944024, value: 
key: 8995, value: 
key: 201079, value: 
key: 148719, value: 
key: 52072, value: 
key: 7780, value: 
key: 50205, value: 
key: 132567, value: 
key: 11383, value: 
key: 38830, value: 
key: 2163, value: 
key: 10876, value: 
key: 142477, value: 
key: 12515, value: 
key: 6272, value: 
key: 869221, value: 
key: 933831, value: 
key: 644806, value: 
key: 45313, value: 
key: 2031, value: 
key: 3129, value: 
key: 360451, value: 
key: 259567, value: 
key: 13057, value: 
key: 749627, value: 
key: 256944, value: 
key: 46188, value: 
key: 5155, value: 
key: 490, value: 
key: 46494, value: 
key: 51565, value: 
key: 7361, value: 
key: 3039, value: 
key: 7988, value: 
key: 1522, value: 
key: 37056, value: 
key: 2074, value: 
key: 75621, value: 
key: 389241, value: 
key: 5207, value: 
key: 75855, value: 
key: 61814, value: 
key: 17547, value: 
key: 18159, value: 
key: 171233, value: 
key: 28941, value: 
key: 193833, value: 
key: 2997, value: 
key: 111892, value: 
key: 594476, value: 
key: 441792, value: 
key: 2858, value: 
key: 13748, value: 
key: 2089, value: 
key: 75879, value: 
key: 18992, value: 
key: 71920, value: 
key: 375412, value: 
key: 17149, value: 
key: 11242, value: 
key: 407, value: 
key: 1337, value: 
key: 36496, value: 
key: 2977, value: 
key: 556018, value: 
key: 7507, value: 
key: 19896, value: 
key: 90606, value: 
key: 110944, value: 
key: 442773, value: 
key: 53707, value: 
key: 899586, value: 
key: 5529, value: 
key: 5486, value: 
key: 167380, value: 
key: 1249, value: 
key: 173302, value: 
key: 63356, value: 
key: 138028, value: 
key: 56241, value: 
key: 23626, value: 
key: 67066, value: 
key: 210374, value: 
key: 322178, value: 
key: 246729, value: 
key: 6700, value: 
key: 19242, value: 
key: 8395, value: 
key: 2262, value: 
key: 45118, value: 
key: 409668, value: 
key: 47092, value: 
key: 17043, value: 
key: 750948, value: 
key: 173286, value: 
key: 340955, value: 
key: 3058, value: 
key: 2797, value: 
key: 459891, value: 
key: 514903, value: 
key: 93577, value: 
key: 65792, value: 
key: 212575, value: 
key: 12144, value: 
key: 19535, value: 
key: 909190, value: 
key: 178, value: 
key: 13566, value: 
key: 187069, value: 
key: 46005, value: 
key: 4595, value: 
key: 145653, value: 
key: 3272, value: 
key: 419465, value: 
key: 106517, value: 
key: 3331, value: 
key: 178258, value: 
key: 57868, value: 
key: 40303, value: 
key: 68379, value: 
key: 934844, value: 
key: 279071, value: 
key: 319586, value: 
key: 774297, value: 
key: 417162, value: 
key: 10711, value: 
key: 32372, value: 
key: 5643, value: 
key: 318996, value: 
key: 757389, value: 
key: 4043, value: 
key: 2318, value: 
key: 36052, value: 
key: 9903, value: 
key: 551, value: 
key: 1427, value: 
key: 7543, value: 
key: 131647, value: 
key: 862395, value: 
key: 14142, value: 
key: 71504, value: 
key: 55358, value: 
key: 402, value: 
key: 4402, value: 
key: 924, value: 
key: 47523, value: 
key: 8262, value: 
key: 39336, value: 
key: 3073, value: 
key: 2506, value: 
key: 22732, value: 
key: 341474, value: 
key: 8191, value: 
key: 1901, value: 
key: 172934, value: 
key: 1700, value: 
key: 62574, value: 
key: 475149, value: 
key: 15920, value: 
key: 982506, value: 
key: 38759, value: 
key: 41364, value: 
key: 18377, value: 
key: 7566, value: 
key: 276410, value: 
key: 10327, value: 
key: 565, value: 
key: 604466, value: 
key: 36755, value: 
key: 192460, value: 
key: 945842, value: 
key: 4007, value: 
key: 2836, value: 
key: 4174, value: 
key: 6811, value: 
key: 2476, value: 
key: 109985, value: 
key: 55474, value: 
key: 415220, value: 
key: 125, value: 
key: 58316, value: 
key: 32033, value: 
key: 721895, value: 
key: 526037, value: 
key: 2564, value: 
key: 798, value: 
key: 262, value: 
key: 2838, value: 
key: 7263, value: 
key: 59309, value: 
key: 267663, value: 
key: 2481, value: 
key: 32466, value: 
key: 93501, value: 
key: 63208, value: 
key: 21903, value: 
key: 47503, value: 
key: 14239, value: 
key: 36293, value: 
key: 488053, value: 
key: 36118, value: 
key: 13950, value: 
key: 932013, value: 
key: 2503, value: 
key: 7815, value: 
key: 11705, value: 
key: 82819, value: 
key: 423310, value: 
key: 1289, value: 
key: 53349, value: 
key: 538754, value: 
key: 3852, value: 
key: 4311, value: 
key: 267, value: 
key: 941481, value: 
key: 131868, value: 
key: 47873, value: 
key: 3610, value: 
key: 14435, value: 
key: 8183, value: 
key: 2758, value: 
key: 720937, value: 
key: 977835, value: 
key: 62466, value: 
key: 29241, value: 
key: 4097, value: 
key: 16808, value: 
key: 32861, value: 
key: 3471, value: 
key: 140408, value: 
key: 198035, value: 
key: 129464, value: 
key: 7940, value: 
key: 610626, value: 
key: 1494, value: 
key: 12077, value: 
key: 729857, value: 
key: 76677, value: 
key: 1995, value: 
key: 1166, value: 
key: 14012, value: 
key: 46792, value: 
key: 626663, value: 
key: 659883, value: 
key: 1090, value: 
key: 1286, value: 
key: 24070, value: 
key: 133274, value: 
key: 87442, value: 
key: 293327, value: 
key: 959459, value: 
key: 236538, value: 
key: 183861, value: 
key: 30762, value: 
key: 96239, value: 
key: 393809, value: 
key: 78, value: 
key: 8085, value: 
key: 64129, value: 
key: 87701, value: 
key: 160098, value: 
key: 213, value: 
key: 41683, value: 
key: 270738, value: 
key: 166419, value: 
key: 2364, value: 
key: 213677, value: 
key: 76646, value: 
key: 5270, value: 
key: 172737, value: 
key: 714150, value: 
key: 17147, value: 
key: 6059, value: 
key: 490937, value: 
key: 207965, value: 
key: 17871, value: 
key: 76338, value: 
key: 17188, value: 
key: 9098, value: 
key: 1585, value: 
key: 21969, value: 
key: 6616, value: 
key: 21839, value: 
key: 453946, value: 
key: 5389, value: 
key: 4675, value: 
key: 14000, value: 
key: 6393, value: 
key: 6522, value: 
key: 501806, value: 
key: 539402, value: 
key: 48187, value: 
key: 45365, value: 
key: 909734, value: 
key: 4061, value: 
key: 114886, value: 
key: 5257, value: 
key: 1475, value: 
key: 526594, value: 
key: 484195, value: 
key: 2458, value: 
key: 1821, value: 
key: 515646, value: 
key: 344688, value: 
key: 10548, value: 
key: 4613, value: 
key: 42, value: 
key: 106223, value: 
key: 7186, value: 
key: 390, value: 
key: 201543, value: 
key: 4052, value: 
key: 979144, value: 
key: 151523, value: 
key: 73700, value: 
key: 39579, value: 
key: 1018, value: 
key: 8115, value: 
key: 882542, value: 
key: 293444, value: 
key: 69783, value: 
key: 454571, value: 
key: 204821, value: 
key: 2419, value: 
key: 827892, value: 
key: 11628, value: 
key: 402972, value: 
key: 11276, value: 
key: 11273, value: 
key: 148, value: 
key: 117765, value: 
key: 628, value: 
key: 40970, value: 
key: 20013, value: 
key: 82447, value: 
key: 485908, value: 
key: 194561, value: 
key: 8740, value: 
key: 11678, value: 
key: 198535, value: 
key: 73718, value: 
key: 224665, value: 
key: 79960, value: 
key: 4628, value: 
key: 365144, value: 
key: 8909, value: 
key: 757523, value: 
key: 741010, value: 
key: 3371, value: 
key: 5358, value: 
key: 496532, value: 
key: 30211, value: 
key: 539927, value: 
key: 99161, value: 
key: 169676, value: 
key: 14250, value: 
key: 5057, value: 
key: 5625, value: 
key: 8836, value: 
key: 54295, value: 
key: 253647, value: 
key: 971, value: 
key: 367355, value: 
key: 78892, value: 
key: 652, value: 
key: 723105, value: 
key: 448864, value: 
key: 917533, value: 
key: 2370, value: 
key: 17020, value: 
key: 5580, value: 
key: 162131, value: 
key: 266776, value: 
key: 33927, value: 
key: 35152, value: 
key: 31029, value: 
key: 9842, value: 
key: 1904, value: 
key: 69, value: 
key: 33563, value: 
key: 49280, value: 
key: 879397, value: 
key: 1869, value: 
key: 12656, value: 
key: 302620, value: 
key: 7378, value: 
key: 42557, value: 
key: 6382, value: 
key: 672, value: 
key: 42695, value: 
key: 231093, value: 
key: 10239, value: 
key: 19677, value: 
key: 221927, value: 
key: 1327, value: 
key: 8068, value: 
key: 1182, value: 
key: 226781, value: 
key: 623219, value: 
key: 187577, value: 
key: 12367, value: 
key: 62681, value: 
key: 874, value: 
key: 6088, value: 
key: 83123, value: 
key: 298772, value: 
key: 526, value: 
key: 228386, value: 
key: 322, value: 
key: 480, value: 
key: 35807, value: 
key: 160734, value: 
key: 46126, value: 
key: 209742, value: 
key: 256, value: 
key: 911748, value: 
key: 18326, value: 
key: 53115, value: 
key: 24914, value: 
key: 1127, value: 
key: 3355, value: 
key: 7272, value: 
key: 21207, value: 
key: 5262, value: 
key: 244, value: 
key: 1257, value: 
key: 562460, value: 
key: 1667, value: 
key: 118767, value: 
key: 3835, value: 
key: 172395, value: 
key: 11379, value: 
key: 225754, value: 
key: 50176, value: 
key: 134029, value: 
key: 181374, value: 
key: 2426, value: 
key: 2302, value: 
key: 767350, value: 
key: 23034, value: 
key: 66548, value: 
key: 48272, value: 
key: 458161, value: 
key: 183385, value: 
key: 112788, value: 
key: 23630, value: 
key: 2061, value: 
key: 16547, value: 
key: 1415, value: 
key: 293805, value: 
key: 302846, value: 
key: 24985, value: 
key: 41860, value: 
key: 133748, value: 
key: 10495, value: 
key: 431472, value: 
key: 11254, value: 
key: 3673, value: 
key: 2558, value: 
key: 229304, value: 
key: 102187, value: 
key: 11923, value: 
key: 290101, value: 
key: 62994, value: 
key: 61117, value: 
key: 79203, value: 
key: 130680, value: 
key: 40199, value: 
key: 16099, value: 
key: 1298, value: 
key: 34077, value: 
key: 341685, value: 
key: 9439, value: 
key: 6515, value: 
key: 32419, value: 
key: 760674, value: 
key: 340687, value: 
key: 45213, value: 
key: 362811, value: 
key: 138516, value: 
key: 454445, value: 
key: 2177, value: 
key: 51138, value: 
key: 16406, value: 
key: 22412, value: 
key: 53809, value: 
key: 6682, value: 
key: 116006, value: 
key: 10926, value: 
key: 106474, value: 
key: 17160, value: 
key: 57061, value: 
key: 11469, value: 
key: 82433, value: 
key: 100646, value: 
key: 248933, value: 
key: 376, value: 
key: 257364, value: 
key: 460753, value: 
key: 2729, value: 
key: 2654, value: 
key: 189, value: 
key: 6468, value: 
key: 505, value: 
key: 151689, value: 
key: 189817, value: 
key: 16858, value: 
key: 108126, value: 
key: 7244, value: 
key: 3500, value: 
key: 100149, value: 
key: 265675, value: 
key: 421632, value: 
key: 2019, value: 
key: 2912, value: 
key: 65606, value: 
key: 577111, value: 
key: 121937, value: 
key: 9697, value: 
key: 5743, value: 
key: 676830, value: 
key: 74710, value: 
key: 93314, value: 
key: 58350, value: 
key: 11939, value: 
key: 71318, value: 
key: 8, value: 
key: 580701, value: 
key: 34598, value: 
key: 6898, value: 
key: 10395, value: 
key: 70787, value: 
key: 97083, value: 
key: 320905, value: 
key: 5285, value: 
key: 877356, value: 
key: 278370, value: 
key: 5839, value: 
key: 158785, value: 
key: 104791, value: 
key: 723, value: 
key: 1971, value: 
key: 216025, value: 
key: 4502, value: 
key: 130026, value: 
key: 129852, value: 
key: 5331, value: 
key: 13420, value: 
key: 1145, value: 
key: 68367, value: 
key: 1421, value: 
key: 6227, value: 
key: 90640, value: 
key: 473558, value: 
key: 150878, value: 
key: 14978, value: 
key: 73969, value: 
key: 88991, value: 
key: 21516, value: 
key: 103097, value: 
key: 153784, value: 
key: 9154, value: 
key: 4002, value: 
key: 398131, value: 
key: 244938, value: 
key: 2340, value: 
key: 86614, value: 
key: 748, value: 
key: 3029, value: 
key: 5140, value: 
key: 91537, value: 
key: 146384, value: 
key: 7772, value: 
key: 56155, value: 
key: 201884, value: 
key: 2962, value: 
key: 627969, value: 
key: 2157, value: 
key: 28573, value: 
key: 18618, value: 
key: 1998, value: 
key: 68338, value: 
key: 2802, value: 
key: 179971, value: 
key: 311821, value: 
key: 8033, value: 
key: 61152, value: 
key: 23614, value: 
key: 3633, value: 
key: 9989, value: 
key: 49841, value: 
key: 415169, value: 
key: 101684, value: 
key: 596, value: 
key: 63983, value: 
key: 86664, value: 
key: 997, value: 
key: 45854, value: 
key: 27876, value: 
key: 967778, value: 
key: 575250, value: 
key: 742914, value: 
key: 184549, value: 
key: 251431, value: 
key: 6037, value: 
key: 76782, value: 
key: 114416, value: 
key: 11115, value: 
key: 228941, value: 
key: 2400, value: 
key: 21169, value: 
key: 322025, value: 
key: 23205, value: 
key: 7116, value: 
key: 100498, value: 
key: 321553, value: 
key: 16601, value: 
key: 286651, value: 
key: 1360, value: 
key: 32295, value: 
key: 31201, value: 
key: 132, value: 
key: 24844, value: 
key: 106194, value: 
key: 22451, value: 
key: 3431, value: 
key: 557, value: 
key: 342083, value: 
key: 25449, value: 
key: 9173, value: 
key: 1444, value: 
key: 84268, value: 
key: 520554, value: 
key: 424445, value: 
key: 293201, value: 
key: 686543, value: 
key: 91527, value: 
key: 460378, value: 
key: 16763, value: 
key: 315710, value: 
key: 1100, value: 
key: 820608, value: 
key: 5035, value: 
key: 20081, value: 
key: 1467, value: 
key: 105266, value: 
key: 4, value: 
key: 73132, value: 
key: 89327, value: 
key: 423, value: 
key: 31606, value: 
key: 180006, value: 
key: 72689, value: 
key: 7309, value: 
key: 916909, value: 
key: 9393, value: 
key: 213574, value: 
key: 435694, value: 
key: 139598, value: 
key: 74358, value: 
key: 572164, value: 
key: 28496, value: 
key: 13595, value: 
key: 467956, value: 
key: 358668, value: 
key: 1489, value: 
key: 10182, value: 
key: 4269, value: 
key: 735, value: 
key: 171545, value: 
key: 135364, value: 
key: 2191, value: 
key: 10542, value: 
key: 208272, value: 
key: 284, value: 
key: 42000, value: 
key: 708602, value: 
key: 528322, value: 
key: 56235, value: 
key: 187750, value: 
key: 164, value: 
key: 7766, value: 
key: 52308, value: 
key: 705853, value: 
key: 853, value: 
key: 5646, value: 
key: 52789, value: 
key: 804, value: 
key: 71539, value: 
key: 259517, value: 
key: 292520, value: 
key: 226791, value: 
key: 483728, value: 
key: 433812, value: 
key: 68059, value: 
key: 96308, value: 
key: 20355, value: 
key: 136672, value: 
key: 134324, value: 
key: 119227, value: 
key: 938, value: 
key: 38222, value: 
key: 29984, value: 
key: 99406, value: 
key: 33880, value: 
key: 15601, value: 
key: 13003, value: 
key: 11191, value: 
key: 604, value: 
key: 7432, value: 
key: 139833, value: 
key: 25330, value: 
key: 1502, value: 
key: 113673, value: 
key: 1021, value: 
key: 125230, value: 
key: 1542, value: 
key: 256572, value: 
key: 923040, value: 
key: 3443, value: 
key: 33148, value: 
key: 154933, value: 
key: 82757, value: 
key: 362304, value: 
key: 894, value: 
key: 226044, value: 
key: 105751, value: 
key: 2284, value: 
key: 5554, value: 
key: 236617, value: 
key: 60667, value: 
key: 2783, value: 
key: 17529, value: 
key: 8197, value: 
key: 37649, value: 
key: 1149, value: 
key: 439831, value: 
key: 13009, value: 
key: 3013, value: 
key: 68284, value: 
key: 9683, value: 
key: 3506, value: 
key: 70951, value: 
key: 6501, value: 
key: 97373, value: 
key: 100365, value: 
key: 231119, value: 
key: 16115, value: 
key: 3112, value: 
key: 538, value: 
key: 14940, value: 
key: 3219, value: 
key: 76867, value: 
key: 200863, value: 
key: 18047, value: 
key: 1121, value: 
key: 386326, value: 
key: 372161, value: 
key: 66275, value: 
key: 15520, value: 
key: 100783, value: 
key: 109, value: 
key: 895525, value: 
key: 93530, value: 
key: 8531, value: 
key: 304335, value: 
key: 1925, value: 
key: 487524, value: 
key: 870120, value: 
key: 86324, value: 
key: 940, value: 
key: 70920, value: 
key: 9319, value: 
key: 144256, value: 
key: 286974, value: 
key: 1605, value: 
key: 445018, value: 
key: 7963, value: 
key: 7646, value: 
key: 253538, value: 
key: 2169, value: 
key: 977347, value: 
key: 5762, value: 
key: 2512, value: 
key: 5138, value: 
key: 2119, value: 
key: 42944, value: 
key: 161773, value: 
key: 563839, value: 
key: 484031, value: 
key: 3877, value: 
key: 6123, value: 
key: 608655, value: 
key: 45352, value: 
key: 3608, value: 
key: 87395, value: 
key: 2232, value: 
key: 614655, value: 
key: 11702, value: 
key: 35947, value: 
key: 208663, value: 
key: 450474, value: 
key: 131218, value: 
key: 7703, value: 
key: 722667, value: 
key: 257016, value: 
key: 1770, value: 
key: 24836, value: 
key: 7607, value: 
key: 946, value: 
key: 250758, value: 
key: 201094, value: 
key: 255538, value: 
key: 7419, value: 
key: 1216, value: 
key: 3714, value: 
key: 227030, value: 
key: 159483, value: 
key: 674396, value: 
key: 13968, value: 
key: 2016, value: 
key: 12930, value: 
key: 305328, value: 
key: 110784, value: 
key: 485613, value: 
key: 21771, value: 
key: 61127, value: 
key: 23933, value: 
key: 74183, value: 
key: 164323, value: 
key: 3563, value: 
key: 6587, value: 
key: 450935, value: 
key: 4624, value: 
key: 11586, value: 
key: 200585, value: 
key: 4822, value: 
key: 22498, value: 
key: 24458, value: 
key: 5098, value: 
key: 55994, value: 
key: 549143, value: 
key: 661727, value: 
key: 156, value: 
key: 355, value: 
key: 257793, value: 
key: 39088, value: 
key: 64430, value: 
key: 993403, value: 
key: 7035, value: 
key: 19258, value: 
key: 19702, value: 
key: 15119, value: 
key: 14817, value: 
key: 29539, value: 
key: 25711, value: 
key: 4260, value: 
key: 104900, value: 
key: 522550, value: 
key: 819481, value: 
key: 2172, value: 
key: 11425, value: 
key: 2385, value: 
key: 552028, value: 
key: 156206, value: 
key: 22082, value: 
key: 77671, value: 
key: 14303, value: 
key: 19095, value: 
key: 5348, value: 
key: 3878, value: 
key: 769876, value: 
key: 83066, value: 
key: 4579, value: 
key: 8211, value: 
key: 43982, value: 
key: 15433, value: 
key: 33578, value: 
key: 512699, value: 
key: 489460, value: 
key: 190160, value: 
key: 70409, value: 
key: 16785, value: 
key: 25869, value: 
key: 14736, value: 
key: 155741, value: 
key: 21550, value: 
key: 18600, value: 
key: 83, value: 
key: 2991, value: 
key: 29131, value: 
key: 110941, value: 
key: 232233, value: 
key: 460, value: 
key: 943, value: 
key: 1881, value: 
key: 203683, value: 
key: 921, value: 
key: 24, value: 
key: 295835, value: 
key: 373284, value: 
key: 290211, value: 
key: 57982, value: 
key: 11264, value: 
key: 665283, value: 
key: 281325, value: 
key: 2971, value: 
key: 380, value: 
key: 4357, value: 
key: 101052, value: 
key: 31673, value: 
key: 366907, value: 
key: 3571, value: 
key: 591, value: 
key: 152870, value: 
key: 664409, value: 
key: 4616, value: 
key: 423448, value: 
key: 8934, value: 
key: 562749, value: 
key: 581416, value: 
key: 336396, value: 
key: 290693, value: 
key: 740439, value: 
key: 22032, value: 
key: 4573, value: 
key: 1749, value: 
key: 5147, value: 
key: 1813, value: 
key: 2333, value: 
key: 310630, value: 
key: 19193, value: 
key: 75030, value: 
key: 2205, value: 
key: 355352, value: 
key: 177203, value: 
key: 9780, value: 
key: 895298, value: 
key: 573024, value: 
key: 40615, value: 
key: 171343, value: 
key: 2056, value: 
key: 221882, value: 
key: 262282, value: 
key: 234500, value: 
key: 180294, value: 
key: 46558, value: 
key: 164938, value: 
key: 4351, value: 
key: 26813, value: 
key: 23690, value: 
key: 3168, value: 
key: 2610, value: 
key: 2085, value: 
key: 7717, value: 
key: 28539, value: 
key: 6427, value: 
key: 3804, value: 
key: 203773, value: 
key: 520824, value: 
key: 27848, value: 
key: 264358, value: 
key: 24328, value: 
key: 4971, value: 
key: 497560, value: 
key: 7857, value: 
key: 140483, value: 
key: 29684, value: 
key: 33658, value: 
key: 135622, value: 
key: 8676, value: 
key: 17096, value: 
key: 73274, value: 
key: 7578, value: 
key: 369, value: 
key: 18732, value: 
key: 579002, value: 
key: 3123, value: 
key: 21039, value: 
key: 94847, value: 
key: 83173, value: 
key: 9035, value: 
key: 508, value: 
key: 774231, value: 
key: 20588, value: 
key: 2359, value: 
key: 30284, value: 
key: 20574, value: 
key: 26262, value: 
key: 868069, value: 
key: 3787, value: 
key: 619414, value: 
key: 49378, value: 
key: 73398, value: 
key: 85829, value: 
key: 19497, value: 
key: 4549, value: 
key: 5001, value: 
key: 714517, value: 
key: 563674, value: 
key: 66746, value: 
key: 754743, value: 
key: 1355, value: 
key: 34359, value: 
key: 466, value: 
key: 2689, value: 
key: 40619, value: 
key: 121045, value: 
key: 29632, value: 
key: 318147, value: 
key: 385853, value: 
key: 430201, value: 
key: 64115, value: 
key: 76960, value: 
key: 226164, value: 
key: 11110, value: 
key: 8314, value: 
key: 23837, value: 
key: 3681, value: 
key: 85053, value: 
key: 1606, value: 
key: 14915, value: 
key: 158998, value: 
key: 1405, value: 
key: 137829, value: 
key: 2545, value: 
key: 295800, value: 
key: 548107, value: 
key: 646578, value: 
key: 109706, value: 
key: 496373, value: 
key: 3409, value: 
key: 525789, value: 
key: 111862, value: 
key: 180605, value: 
key: 743, value: 
key: 113550, value: 
key: 326803, value: 
key: 196259, value: 
key: 96375, value: 
key: 960203, value: 
key: 7463, value: 
key: 4857, value: 
key: 50106, value: 
key: 22475, value: 
key: 502942, value: 
key: 6659, value: 
key: 697158, value: 
key: 689350, value: 
key: 111729, value: 
key: 13662, value: 
key: 9309, value: 
key: 28177, value: 
key: 443308, value: 
key: 109740, value: 
key: 208395, value: 
key: 221582, value: 
key: 4272, value: 
key: 30484, value: 
key: 123898, value: 
key: 5494, value: 
key: 143680, value: 
key: 11606, value: 
key: 36825, value: 
key: 51329, value: 
key: 61704, value: 
key: 25997, value: 
key: 7160, value: 
key: 189910, value: 
key: 20863, value: 
key: 122147, value: 
key: 1933, value: 
key: 25470, value: 
key: 5740, value: 
key: 522069, value: 
key: 25082, value: 
key: 702, value: 
key: 151, value: 
key: 914792, value: 
key: 780, value: 
key: 191, value: 
key: 652103, value: 
key: 48649, value: 
key: 6187, value: 
key: 115453, value: 
key: 725, value: 
key: 24490, value: 
key: 588010, value: 
key: 4334, value: 
key: 356387, value: 
key: 158013, value: 
key: 487074, value: 
key: 59225, value: 
key: 359, value: 
key: 57777, value: 
key: 53023, value: 
key: 3530, value: 
key: 74470, value: 
key: 8451, value: 
key: 8318, value: 
key: 8131, value: 
key: 65299, value: 
key: 312925, value: 
key: 8398, value: 
key: 72316, value: 
key: 34107, value: 
key: 602277, value: 
key: 7502, value: 
key: 712, value: 
key: 870201, value: 
key: 423838, value: 
key: 28621, value: 
key: 9389, value: 
key: 1987, value: 
key: 17641, value: 
key: 881, value: 
key: 2109, value: 
key: 4615, value: 
key: 617029, value: 
key: 824376, value: 
key: 17196, value: 
key: 12594, value: 
key: 775899, value: 
key: 10745, value: 
key: 65, value: 
key: 6053, value: 
key: 7795, value: 
key: 39713, value: 
key: 173756, value: 
key: 214791, value: 
key: 3138, value: 
key: 210023, value: 
key: 3543, value: 
key: 1043, value: 
key: 710953, value: 
key: 983626, value: 
key: 160503, value: 
key: 13625, value: 
key: 9486, value: 
key: 606755, value: 
key: 2886, value: 
key: 690254, value: 
key: 13696, value: 
key: 8282, value: 
key: 70315, value: 
key: 4955, value: 
key: 157669, value: 
key: 184074, value: 
key: 27337, value: 
key: 641154, value: 
key: 15409, value: 
key: 65578, value: 
key: 82966, value: 
key: 5944, value: 
key: 335122, value: 
key: 11983, value: 
key: 718483, value: 
key: 16204, value: 
key: 8681, value: 
key: 6145, value: 
key: 1194, value: 
key: 7224, value: 
key: 13298, value: 
key: 617715, value: 
key: 260888, value: 
key: 559841, value: 
key: 371022, value: 
key: 12711, value: 
key: 78376, value: 
key: 21692, value: 
key: 55563, value: 
key: 9889, value: 
key: 17208, value: 
key: 30637, value: 
key: 1439, value: 
key: 19511, value: 
key: 119839, value: 
key: 613260, value: 
key: 751, value: 
key: 44, value: 
key: 325, value: 
key: 7692, value: 
key: 3151, value: 
key: 51760, value: 
key: 210030, value: 
key: 628064, value: 
key: 86, value: 
key: 62048, value: 
key: 1031, value: 
key: 6897, value: 
key: 560817, value: 
key: 490378, value: 
key: 796225, value: 
key: 4547, value: 
key: 717952, value: 
key: 84271, value: 
key: 27218, value: 
key: 12630, value: 
key: 32259, value: 
key: 7816, value: 
key: 76530, value: 
key: 50278, value: 
key: 445, value: 
key: 112135, value: 
key: 70097, value: 
key: 4111, value: 
key: 20730, value: 
key: 364, value: 
key: 486, value: 
key: 6315, value: 
key: 49858, value: 
key: 328331, value: 
key: 12854, value: 
key: 142326, value: 
key: 180610, value: 
key: 243517, value: 
key: 341456, value: 
key: 97445, value: 
key: 711137, value: 
key: 1480, value: 
key: 45106, value: 
key: 44433, value: 
key: 221, value: 
key: 12101, value: 
key: 557982, value: 
key: 2616, value: 
key: 8295, value: 
key: 46578, value: 
key: 32786, value: 
key: 571887, value: 
key: 27841, value: 
key: 15397, value: 
key: 103723, value: 
key: 10692, value: 
key: 6979, value: 
key: 112139, value: 
key: 5247, value: 
key: 26958, value: 
key: 37229, value: 
key: 2197, value: 
key: 38374, value: 
key: 209555, value: 
key: 318530, value: 
key: 14354, value: 
key: 529, value: 
key: 5153, value: 
key: 31537, value: 
key: 597581, value: 
key: 47213, value: 
key: 57674, value: 
key: 153094, value: 
key: 615373, value: 
key: 2840, value: 
key: 283203, value: 
key: 809681, value: 
key: 4033, value: 
key: 145015, value: 
key: 606567, value: 
key: 211016, value: 
key: 51705, value: 
key: 615661, value: 
key: 5431, value: 
key: 200660, value: 
key: 23842, value: 
key: 36656, value: 
key: 35362, value: 
key: 16893, value: 
key: 68644, value: 
key: 1375, value: 
key: 6625, value: 
key: 19773, value: 
key: 64350, value: 
key: 17717, value: 
key: 501441, value: 
key: 23665, value: 
key: 11070, value: 
key: 4590, value: 
key: 3558, value: 
key: 1763, value: 
key: 19441, value: 
key: 459734, value: 
key: 2247, value: 
key: 242244, value: 
key: 192076, value: 
key: 34736, value: 
key: 15538, value: 
key: 40246, value: 
key: 353047, value: 
key: 43418, value: 
key: 980595, value: 
key: 8103, value: 
key: 858, value: 
key: 234519, value: 
key: 12773, value: 
key: 12444, value: 
key: 12241, value: 
key: 226650, value: 
key: 2730, value: 
key: 2307, value: 
key: 203304, value: 
key: 5833, value: 
key: 982386, value: 
key: 27709, value: 
key: 27283, value: 
key: 10011, value: 
key: 12758, value: 
key: 428713, value: 
key: 645347, value: 
key: 320551, value: 
key: 5366, value: 
key: 406477, value: 
key: 30282, value: 
key: 137426, value: 
key: 880941, value: 
key: 247716, value: 
key: 53921, value: 
key: 11359, value: 
key: 29299, value: 
key: 224164, value: 
key: 154704, value: 
key: 2144, value: 
key: 744, value: 
key: 8253, value: 
key: 11589, value: 
key: 87910, value: 
key: 73246, value: 
key: 248822, value: 
key: 120460, value: 
key: 369208, value: 
key: 216808, value: 
key: 306385, value: 
key: 129057, value: 
key: 745927, value: 
key: 13674, value: 
key: 16714, value: 
key: 66332, value: 
key: 116684, value: 
key: 844698, value: 
key: 58743, value: 
key: 646, value: 
key: 41715, value: 
key: 116111, value: 
key: 3998, value: 
key: 779708, value: 
key: 330805, value: 
key: 401, value: 
key: 1263, value: 
key: 2379, value: 
key: 5041, value: 
key: 298859, value: 
key: 584, value: 
key: 159973, value: 
key: 21899, value: 
key: 328221, value: 
key: 129, value: 
key: 678, value: 
key: 33318, value: 
key: 158232, value: 
key: 6922, value: 
key: 4195, value: 
key: 13563, value: 
key: 1265, value: 
key: 5094, value: 
key: 232366, value: 
key: 2178, value: 
key: 117615, value: 
key: 3555, value: 
key: 245335, value: 
key: 277940, value: 
key: 68606, value: 
key: 3036, value: 
key: 201277, value: 
key: 73, value: 
key: 357435, value: 
key: 15909, value: 
key: 46304, value: 
key: 3468, value: 
key: 979507, value: 
key: 19020, value: 
key: 7080, value: 
key: 27494, value: 
key: 219203, value: 
key: 4852, value: 
key: 78471, value: 
key: 24324, value: 
key: 97861, value: 
key: 3062, value: 
key: 693115, value: 
key: 16957, value: 
key: 18516, value: 
key: 181530, value: 
key: 3509, value: 
key: 6538, value: 
key: 46532, value: 
key: 22398, value: 
key: 108528, value: 
key: 2045, value: 
key: 3147, value: 
key: 3236, value: 
key: 150535, value: 
key: 6271, value: 
key: 1807, value: 
key: 514604, value: 
key: 273339, value: 
key: 142866, value: 
key: 654347, value: 
key: 896073, value: 
key: 85226, value: 
key: 6231, value: 
key: 861290, value: 
key: 813249, value: 
key: 3489, value: 
key: 569806, value: 
key: 65568, value: 
key: 714593, value: 
key: 608, value: 
key: 352332, value: 
key: 2022, value: 
key: 174430, value: 
key: 114546, value: 
key: 72191, value: 
key: 6331, value: 
key: 17407, value: 
key: 270031, value: 
key: 232, value: 
key: 126, value: 
key: 2, value: 
key: 262270, value: 
key: 28, value: 
key: 215730, value: 
key: 87623, value: 
key: 1376, value: 
key: 1052, value: 
key: 227857, value: 
key: 49149, value: 
key: 240750, value: 
key: 14512, value: 
key: 674, value: 
key: 553018, value: 
key: 2740, value: 
key: 10341, value: 
key: 929487, value: 
key: 156393, value: 
key: 345405, value: 
key: 206432, value: 
key: 3105, value: 
key: 280983, value: 
key: 64257, value: 
key: 90102, value: 
key: 32403, value: 
key: 7594, value: 
key: 496907, value: 
key: 62106, value: 
key: 3303, value: 
key: 2349, value: 
key: 460405, value: 
key: 1705, value: 
key: 7254, value: 
key: 58615, value: 
key: 846159, value: 
key: 68350, value: 
key: 322007, value: 
key: 205083, value: 
key: 8498, value: 
key: 202525, value: 
key: 92349, value: 
key: 367274, value: 
key: 129485, value: 
key: 7638, value: 
key: 57858, value: 
key: 15517, value: 
key: 683445, value: 
key: 3252, value: 
key: 214926, value: 
key: 149041, value: 
key: 15947, value: 
key: 35908, value: 
key: 15306, value: 
key: 7135, value: 
key: 322830, value: 
key: 3718, value: 
key: 542, value: 
key: 729734, value: 
key: 446, value: 
key: 291480, value: 
key: 942713, value: 
key: 380529, value: 
key: 1049, value: 
key: 38880, value: 
key: 4081, value: 
key: 50058, value: 
key: 2380, value: 
key: 28138, value: 
key: 8918, value: 
key: 3166, value: 
key: 321299, value: 
key: 113363, value: 
key: 1366, value: 
key: 4478, value: 
key: 15109, value: 
key: 14569, value: 
key: 14256, value: 
key: 976667, value: 
key: 60700, value: 
key: 10875, value: 
key: 299711, value: 
key: 4280, value: 
key: 20577, value: 
key: 9246, value: 
key: 44847, value: 
key: 1015, value: 
key: 19906, value: 
key: 48066, value: 
key: 88243, value: 
key: 16778, value: 
key: 12161, value: 
key: 205472, value: 
key: 717006, value: 
key: 83826, value: 
key: 40167, value: 
key: 200537, value: 
key: 7198, value: 
key: 1330, value: 
key: 7047, value: 
key: 89179, value: 
key: 53644, value: 
key: 171, value: 
key: 14006, value: 
key: 5777, value: 
key: 177461, value: 
key: 9796, value: 
key: 20374, value: 
key: 139305, value: 
key: 26211, value: 
key: 42591, value: 
key: 375038, value: 
key: 243294, value: 
key: 245182, value: 
key: 774, value: 
key: 10592, value: 
key: 69885, value: 
key: 202147, value: 
key: 359559, value: 
key: 18631, value: 
key: 16335, value: 
key: 13911, value: 
key: 1578, value: 
key: 14293, value: 
key: 3450, value: 
key: 392816, value: 
key: 393590, value: 
key: 197, value: 
key: 161310, value: 
key: 7447, value: 
key: 533, value: 
key: 340487, value: 
key: 56750, value: 
key: 16330, value: 
key: 192998, value: 
key: 4329, value: 
key: 156330, value: 
key: 892, value: 
key: 3319, value: 
key: 49022, value: 
key: 986864, value: 
key: 18659, value: 
key: 217762, value: 
key: 188994, value: 
key: 23159, value: 
key: 145638, value: 
key: 109299, value: 
key: 413879, value: 
key: 1293, value: 
key: 901844, value: 
key: 31858, value: 
key: 4198, value: 
key: 488349, value: 
key: 77123, value: 
key: 951817, value: 
key: 986554, value: 
key: 867170, value: 
key: 32921, value: 
key: 215587, value: 
key: 22310, value: 
key: 241742, value: 
key: 200508, value: 
key: 1915, value: 
key: 14346, value: 
key: 992946, value: 
key: 149139, value: 
key: 5894, value: 
key: 46624, value: 
key: 55623, value: 
key: 150378, value: 
key: 91632, value: 
key: 198488, value: 
key: 47106, value: 
key: 217181, value: 
key: 85874, value: 
key: 69735, value: 
key: 400748, value: 
key: 6557, value: 
key: 37870, value: 
key: 67613, value: 
key: 800439, value: 
key: 15952, value: 
key: 78332, value: 
key: 59474, value: 
key: 4849, value: 
key: 43619, value: 
key: 4976, value: 
key: 47, value: 
key: 6981, value: 
key: 210, value: 
key: 297273, value: 
key: 301212, value: 
key: 20241, value: 
key: 158765, value: 
key: 4179, value: 
key: 47271, value: 
key: 36257, value: 
key: 30586, value: 
key: 36538, value: 
key: 21234, value: 
key: 4217, value: 
key: 147596, value: 
key: 16041, value: 
key: 214095, value: 
key: 6006, value: 
key: 10299, value: 
key: 546386, value: 
key: 2009, value: 
key: 353, value: 
key: 1413, value: 
key: 12008, value: 
key: 414492, value: 
key: 28114, value: 
key: 134988, value: 
key: 99935, value: 
key: 597846, value: 
key: 881606, value: 
key: 908270, value: 
key: 68715, value: 
key: 269402, value: 
key: 6843, value: 
key: 3604, value: 
key: 897560, value: 
key: 4101, value: 
key: 13760, value: 
key: 335912, value: 
key: 5553, value: 
key: 26225, value: 
key: 513869, value: 
key: 27980, value: 
key: 9159, value: 
key: 987743, value: 
key: 44430, value: 
key: 11355, value: 
key: 106805, value: 
key: 35250, value: 
key: 165776, value: 
key: 315660, value: 
key: 259410, value: 
key: 70177, value: 
key: 1231, value: 
key: 760446, value: 
key: 1059, value: 
key: 10366, value: 
key: 93485, value: 
key: 732190, value: 
key: 792262, value: 
key: 19512, value: 
key: 5857, value: 
key: 25385, value: 
key: 688, value: 
key: 199278, value: 
key: 2666, value: 
key: 259601, value: 
key: 99116, value: 
key: 550610, value: 
key: 65726, value: 
key: 163, value: 
key: 285164, value: 
key: 148574, value: 
key: 636424, value: 
key: 828914, value: 
key: 880241, value: 
key: 6482, value: 
key: 13043, value: 
key: 13, value: 
key: 633, value: 
key: 170005, value: 
key: 84617, value: 
key: 447260, value: 
key: 3246, value: 
key: 959, value: 
key: 3622, value: 
key: 11753, value: 
key: 31460, value: 
key: 1460, value: 
key: 137495, value: 
key: 162728, value: 
key: 836, value: 
key: 564822, value: 
key: 1159, value: 
key: 2288, value: 
key: 209170, value: 
key: 11891, value: 
key: 116342, value: 
key: 369439, value: 
key: 112, value: 
key: 1697, value: 
key: 180780, value: 
key: 64269, value: 
key: 52136, value: 
key: 449958, value: 
key: 49, value: 
key: 353966, value: 
key: 35557, value: 
key: 29281, value: 
key: 5717, value: 
key: 9013, value: 
key: 3774, value: 
key: 11913, value: 
key: 77677, value: 
key: 2765, value: 
key: 166442, value: 
key: 71350, value: 
key: 797754, value: 
key: 56727, value: 
key: 134248, value: 
key: 595997, value: 
key: 2957, value: 
key: 589642, value: 
key: 659533, value: 
key: 85225, value: 
key: 6347, value: 
key: 277673, value: 
key: 109527, value: 
key: 651605, value: 
key: 342257, value: 
key: 77078, value: 
key: 984, value: 
key: 283777, value: 
key: 6280, value: 
key: 292355, value: 
key: 39609, value: 
key: 6579, value: 
key: 664970, value: 
key: 4225, value: 
key: 69269, value: 
key: 5703, value: 
key: 324608, value: 
key: 327971, value: 
key: 17304, value: 
key: 46211, value: 
key: 185901, value: 
key: 19957, value: 
key: 409596, value: 
key: 29818, value: 
key: 11920, value: 
key: 335790, value: 
key: 21647, value: 
key: 265345, value: 
key: 2624, value: 
key: 16044, value: 
key: 122008, value: 
key: 806718, value: 
key: 115, value: 
key: 1785, value: 
key: 40709, value: 
key: 714156, value: 
key: 16009, value: 
key: 6436, value: 
key: 17773, value: 
key: 10437, value: 
key: 46734, value: 
key: 10304, value: 
key: 308338, value: 
key: 263057, value: 
key: 499633, value: 
key: 1492, value: 
key: 422520, value: 
key: 5422, value: 
key: 47258, value: 
key: 19491, value: 
key: 960237, value: 
key: 736978, value: 
key: 178070, value: 
key: 1843, value: 
key: 219262, value: 
key: 845, value: 
key: 147884, value: 
key: 298743, value: 
key: 13173, value: 
key: 116244, value: 
key: 308264, value: 
key: 40122, value: 
key: 12442, value: 
key: 19127, value: 
key: 411, value: 
key: 36200, value: 
key: 34532, value: 
key: 82107, value: 
key: 496911, value: 
key: 293746, value: 
key: 685057, value: 
key: 5805, value: 
key: 230724, value: 
key: 293823, value: 
key: 381681, value: 
key: 100980, value: 
key: 120529, value: 
key: 287172, value: 
key: 6471, value: 
key: 1012, value: 
key: 34270, value: 
key: 72124, value: 
key: 639, value: 
key: 37438, value: 
key: 31048, value: 
key: 911422, value: 
key: 6775, value: 
key: 132004, value: 
key: 711809, value: 
key: 14644, value: 
key: 1651, value: 
key: 53834, value: 
key: 718838, value: 
key: 54658, value: 
key: 142168, value: 
key: 66952, value: 
key: 52120, value: 
key: 4391, value: 
key: 11218, value: 
key: 811317, value: 
key: 172371, value: 
key: 182858, value: 
key: 340698, value: 
key: 8802, value: 
key: 627687, value: 
key: 30450, value: 
key: 3027, value: 
key: 771206, value: 
key: 752963, value: 
key: 367, value: 
key: 52491, value: 
key: 111766, value: 
key: 309655, value: 
key: 7836, value: 
key: 345838, value: 
key: 36311, value: 
key: 616, value: 
key: 25085, value: 
key: 138411, value: 
key: 144591, value: 
key: 155304, value: 
key: 10375, value: 
key: 145723, value: 
key: 607, value: 
key: 41152, value: 
key: 369694, value: 
key: 7952, value: 
key: 1716, value: 
key: 17138, value: 
key: 509566, value: 
key: 161796, value: 
key: 15733, value: 
key: 410649, value: 
key: 152869, value: 
key: 10856, value: 
key: 39200, value: 
key: 32750, value: 
key: 53560, value: 
key: 41686, value: 
key: 7277, value: 
key: 500911, value: 
key: 15824, value: 
key: 1365, value: 
key: 2131, value: 
key: 103779, value: 
key: 13017, value: 
key: 53447, value: 
key: 13199, value: 
key: 21597, value: 
key: 16827, value: 
key: 20451, value: 
key: 99877, value: 
key: 78729, value: 
key: 141490, value: 
key: 709859, value: 
key: 23565, value: 
key: 242682, value: 
key: 1478, value: 
key: 2353, value: 
key: 64238, value: 
key: 105296, value: 
key: 11485, value: 
key: 21485, value: 
key: 2509, value: 
key: 159071, value: 
key: 453400, value: 
key: 3976, value: 
key: 69186, value: 
key: 609344, value: 
key: 50023, value: 
key: 18076, value: 
key: 21893, value: 
key: 544225, value: 
key: 850353, value: 
key: 4201, value: 
key: 2223, value: 
key: 81971, value: 
key: 11320, value: 
key: 1840, value: 
key: 46084, value: 
key: 15735, value: 
key: 3661, value: 
key: 94145, value: 
key: 886603, value: 
key: 408295, value: 
key: 4431, value: 
key: 4413, value: 
key: 74463, value: 
key: 37014, value: 
key: 15720, value: 
key: 970061, value: 
key: 5413, value: 
key: 9809, value: 
key: 4656, value: 
key: 1703, value: 
key: 114219, value: 
key: 308159, value: 
key: 375461, value: 
key: 40613, value: 
key: 22937, value: 
key: 14916, value: 
key: 460766, value: 
key: 32084, value: 
key: 709062, value: 
key: 65061, value: 
key: 288266, value: 
key: 4686, value: 
key: 915487, value: 
key: 304516, value: 
key: 90101, value: 
key: 4125, value: 
key: 5714, value: 
key: 32766, value: 
key: 80, value: 
key: 364046, value: 
key: 1221, value: 
key: 65583, value: 
key: 892171, value: 
key: 34449, value: 
key: 22575, value: 
key: 94340, value: 
key: 73540, value: 
key: 49326, value: 
key: 207593, value: 
key: 2086, value: 
key: 379, value: 
key: 3271, value: 
key: 34915, value: 
key: 448108, value: 
key: 19931, value: 
key: 30647, value: 
key: 6300, value: 
key: 3585, value: 
key: 18084, value: 
key: 34366, value: 
key: 75980, value: 
key: 4326, value: 
key: 3085, value: 
key: 395213, value: 
key: 120935, value: 
key: 123179, value: 
key: 2000, value: 
key: 486166, value: 
key: 158692, value: 
key: 167135, value: 
key: 4956, value: 
key: 376845, value: 
key: 2671, value: 
key: 30914, value: 
key: 13212, value: 
key: 4769, value: 
key: 68196, value: 
key: 413460, value: 
key: 83688, value: 
key: 8682, value: 
key: 97326, value: 
key: 221349, value: 
key: 18763, value: 
key: 97, value: 
key: 55356, value: 
key: 903, value: 
key: 139711, value: 
key: 2478, value: 
key: 5297, value: 
key: 825984, value: 
key: 877652, value: 
key: 72491, value: 
key: 17169, value: 
key: 235658, value: 
key: 225042, value: 
key: 247, value: 
key: 398861, value: 
key: 9292, value: 
key: 74513, value: 
key: 3187, value: 
key: 80637, value: 
key: 77631, value: 
key: 391301, value: 
key: 84432, value: 
key: 1434, value: 
key: 1200, value: 
key: 3754, value: 
key: 33238, value: 
key: 12810, value: 
key: 42261, value: 
key: 598755, value: 
key: 8860, value: 
key: 1497, value: 
key: 4123, value: 
key: 310204, value: 
key: 4028, value: 
key: 11241, value: 
key: 1383, value: 
key: 4296, value: 
key: 38017, value: 
key: 6956, value: 
key: 56143, value: 
key: 151127, value: 
key: 16554, value: 
key: 26327, value: 
key: 815, value: 
key: 32864, value: 
key: 217221, value: 
key: 44212, value: 
key: 39441, value: 
key: 75098, value: 
key: 44243, value: 
key: 598344, value: 
key: 198709, value: 
key: 527236, value: 
key: 5844, value: 
key: 24060, value: 
key: 31301, value: 
key: 38176, value: 
key: 1902, value: 
key: 139477, value: 
key: 61367, value: 
key: 4039, value: 
key: 558717, value: 
key: 12012, value: 
key: 5725, value: 
key: 201429, value: 
key: 160765, value: 
key: 3994, value: 
key: 382434, value: 
key: 329259, value: 
key: 7487, value: 
key: 159994, value: 
key: 172948, value: 
key: 925152, value: 
key: 283204, value: 
key: 249081, value: 
key: 4132, value: 
key: 215, value: 
key: 17541, value: 
key: 32531, value: 
key: 4013, value: 
key: 5387, value: 
key: 116112, value: 
key: 39215, value: 
key: 544272, value: 
key: 6000, value: 
key: 8562, value: 
key: 10, value: 
key: 6508, value: 
key: 861, value: 
key: 3298, value: 
key: 10597, value: 
key: 19789, value: 
key: 28894, value: 
key: 169, value: 
key: 1519, value: 
key: 813, value: 
key: 12626, value: 
key: 40090, value: 
key: 17332, value: 
key: 77333, value: 
key: 6407, value: 
key: 7532, value: 
key: 11953, value: 
key: 287822, value: 
key: 1577, value: 
key: 73340, value: 
key: 16312, value: 
key: 35941, value: 
key: 22235, value: 
key: 40462, value: 
key: 18910, value: 
key: 9744, value: 
key: 91972, value: 
key: 73228, value: 
key: 14299, value: 
key: 8383, value: 
key: 426740, value: 
key: 1514, value: 
key: 10191, value: 
key: 140506, value: 
key: 665676, value: 
key: 115494, value: 
key: 518, value: 
key: 41238, value: 
key: 242178, value: 
key: 208, value: 
key: 204897, value: 
key: 120538, value: 
key: 189447, value: 
key: 2347, value: 
key: 30798, value: 
key: 4700, value: 
key: 271380, value: 
key: 1612, value: 
key: 7877, value: 
key: 301319, value: 
key: 26081, value: 
key: 2905, value: 
key: 42414, value: 
key: 129813, value: 
key: 20056, value: 
key: 62490, value: 
key: 808257, value: 
key: 388760, value: 
key: 9997, value: 
key: 568562, value: 
key: 137005, value: 
key: 80816, value: 
key: 141020, value: 
key: 6196, value: 
key: 341596, value: 
key: 11426, value: 
key: 12510, value: 
key: 11451, value: 
key: 450759, value: 
key: 17785, value: 
key: 711654, value: 
key: 80438, value: 
key: 34238, value: 
key: 31928, value: 
key: 211389, value: 
key: 3015, value: 
key: 611605, value: 
key: 615108, value: 
key: 13832, value: 
key: 575773, value: 
key: 163375, value: 
key: 3484, value: 
key: 715955, value: 
key: 82385, value: 
key: 370310, value: 
key: 47761, value: 
key: 2386, value: 
key: 1685, value: 
key: 2171, value: 
key: 814495, value: 
key: 622005, value: 
key: 2210, value: 
key: 447174, value: 
key: 215058, value: 
key: 92146, value: 
key: 340493, value: 
key: 61453, value: 
key: 3189, value: 
key: 18206, value: 
key: 30418, value: 
key: 1683, value: 
key: 1184, value: 
key: 949, value: 
key: 22268, value: 
key: 395, value: 
key: 479, value: 
key: 3292, value: 
key: 70148, value: 
key: 1402, value: 
key: 11874, value: 
key: 151988, value: 
key: 92025, value: 
key: 18882, value: 
key: 3262, value: 
key: 1586, value: 
key: 919584, value: 
key: 112978, value: 
key: 1954, value: 
key: 425, value: 
key: 527814, value: 
key: 1643, value: 
key: 160173, value: 
key: 155023, value: 
key: 3131, value: 
key: 765506, value: 
key: 65170, value: 
key: 7133, value: 
key: 13117, value: 
key: 11867, value: 
key: 9675, value: 
key: 791780, value: 
key: 875295, value: 
key: 57881, value: 
key: 186231, value: 
key: 1275, value: 
key: 40194, value: 
key: 5478, value: 
key: 14511, value: 
key: 2572, value: 
key: 830459, value: 
key: 141, value: 
key: 915, value: 
key: 394456, value: 
key: 24583, value: 
key: 112067, value: 
key: 265991, value: 
key: 19652, value: 
key: 519805, value: 
key: 5115, value: 
key: 691246, value: 
key: 168342, value: 
key: 3589, value: 
key: 95895, value: 
key: 5924, value: 
key: 2562, value: 
key: 84606, value: 
key: 142506, value: 
key: 10589, value: 
key: 107892, value: 
key: 24538, value: 
key: 1022, value: 
key: 389072, value: 
key: 1349, value: 
key: 426063, value: 
key: 100, value: 
key: 239343, value: 
key: 728051, value: 
key: 620020, value: 
key: 380645, value: 
key: 743206, value: 
key: 3199, value: 
key: 756354, value: 
key: 730050, value: 
key: 8242, value: 
key: 918858, value: 
key: 123, value: 
key: 256878, value: 
key: 18349, value: 
key: 6097, value: 
key: 374355, value: 
key: 119160, value: 
key: 18584, value: 
key: 12883, value: 
key: 208886, value: 
key: 655866, value: 
key: 576755, value: 
key: 40591, value: 
key: 10907, value: 
key: 26179, value: 
key: 234733, value: 
key: 34574, value: 
key: 294546, value: 
key: 546367, value: 
key: 998627, value: 
key: 333, value: 
key: 475026, value: 
key: 53343, value: 
key: 31472, value: 
key: 420, value: 
key: 715590, value: 
key: 279715, value: 
key: 98063, value: 
key: 94063, value: 
key: 52259, value: 
key: 965803, value: 
key: 5179, value: 
key: 326506, value: 
key: 216320, value: 
key: 42828, value: 
key: 124523, value: 
key: 6413, value: 
key: 9375, value: 
key: 223407, value: 
key: 24153, value: 
key: 103, value: 
key: 322198, value: 
key: 103403, value: 
key: 41483, value: 
key: 16411, value: 
key: 738, value: 
key: 1941, value: 
key: 386437, value: 
key: 94386, value: 
key: 100540, value: 
key: 463082, value: 
key: 1329, value: 
key: 5595, value: 
key: 9187, value: 
key: 49839, value: 
key: 12251, value: 
key: 3503, value: 
key: 220807, value: 
key: 145906, value: 
key: 94667, value: 
key: 163382, value: 
key: 6491, value: 
key: 80229, value: 
key: 15310, value: 
key: 842831, value: 
key: 34277, value: 
key: 25615, value: 
key: 1919, value: 
key: 121417, value: 
key: 2812, value: 
key: 463, value: 
key: 331242, value: 
key: 2029, value: 
key: 20383, value: 
key: 662, value: 
key: 102207, value: 
key: 200639, value: 
key: 29207, value: 
key: 21820, value: 
key: 381750, value: 
key: 15832, value: 
key: 471632, value: 
key: 6942, value: 
key: 254831, value: 
key: 14823, value: 
key: 446899, value: 
key: 113949, value: 
key: 53681, value: 
key: 79042, value: 
key: 2918, value: 
key: 2924, value: 
key: 43551, value: 
key: 851480, value: 
key: 172, value: 
key: 3230, value: 
key: 330985, value: 
key: 2674, value: 
key: 646418, value: 
key: 20827, value: 
key: 287873, value: 
key: 305406, value: 
key: 36375, value: 
key: 123404, value: 
key: 2296, value: 
key: 618648, value: 
key: 70466, value: 
key: 65751, value: 
key: 66, value: 
key: 846, value: 
key: 37975, value: 
key: 22644, value: 
key: 72765, value: 
key: 2877, value: 
key: 6645, value: 
key: 3798, value: 
key: 54458, value: 
key: 469, value: 
key: 520765, value: 
key: 70421, value: 
key: 47660, value: 
key: 140936, value: 
key: 298, value: 
key: 734974, value: 
key: 95790, value: 
key: 1096, value: 
key: 51102, value: 
key: 757, value: 
key: 20560, value: 
key: 92019, value: 
key: 11779, value: 
key: 13497, value: 
key: 813588, value: 
key: 3124, value: 
key: 5755, value: 
key: 474314, value: 
key: 127632, value: 
key: 229634, value: 
key: 62550, value: 
key: 15015, value: 
key: 488465, value: 
key: 417, value: 
key: 14158, value: 
key: 449145, value: 
key: 3814, value: 
key: 6152, value: 
key: 370, value: 
key: 10415, value: 
key: 7964, value: 
key: 43436, value: 
key: 288700, value: 
key: 263855, value: 
key: 20501, value: 
key: 219812, value: 
key: 419856, value: 
key: 541957, value: 
key: 27933, value: 
key: 109614, value: 
key: 81281, value: 
key: 311146, value: 
key: 2036, value: 
key: 153429, value: 
key: 30072, value: 
key: 896319, value: 
key: 242, value: 
key: 10676, value: 
key: 113613, value: 
key: 491289, value: 
key: 8362, value: 
key: 621122, value: 
key: 12036, value: 
key: 9196, value: 
key: 340, value: 
key: 826749, value: 
key: 226582, value: 
key: 62549, value: 
key: 607188, value: 
key: 26663, value: 
key: 12329, value: 
key: 23195, value: 
key: 3591, value: 
key: 3674, value: 
key: 1795, value: 
key: 43301, value: 
key: 13423, value: 
key: 105344, value: 
key: 9215, value: 
key: 98649, value: 
key: 796, value: 
key: 529840, value: 
key: 581771, value: 
key: 16935, value: 
key: 549, value: 
key: 440656, value: 
key: 76698, value: 
key: 14909, value: 
key: 231212, value: 
key: 159794, value: 
key: 8886, value: 
key: 792968, value: 
key: 158503, value: 
key: 180111, value: 
key: 650416, value: 
key: 175830, value: 
key: 206060, value: 
key: 94327, value: 
key: 250, value: 
key: 22656, value: 
key: 4729, value: 
key: 1779, value: 
key: 10858, value: 
key: 113647, value: 
key: 4447, value: 
key: 741736, value: 
key: 97727, value: 
key: 508723, value: 
key: 55493, value: 
key: 610699, value: 
key: 39040, value: 
key: 12117, value: 
key: 234316, value: 
key: 326719, value: 
key: 6544, value: 
key: 414010, value: 
key: 9770, value: 
key: 910362, value: 
key: 11055, value: 
key: 147374, value: 
key: 246941, value: 
key: 638948, value: 
key: 44614, value: 
key: 18304, value: 
key: 11068, value: 
key: 158326, value: 
key: 18642, value: 
key: 682544, value: 
key: 1428, value: 
key: 987, value: 
key: 512132, value: 
key: 50301, value: 
key: 6210, value: 
key: 36260, value: 
key: 534, value: 
key: 4344, value: 
key: 10650, value: 
key: 253687, value: 
key: 1676, value: 
key: 30829, value: 
key: 76188, value: 
key: 41655, value: 
key: 363007, value: 
key: 17936, value: 
key: 26071, value: 
key: 12022, value: 
key: 849, value: 
key: 340300, value: 
key: 294, value: 
key: 10825, value: 
key: 220578, value: 
key: 4877, value: 
key: 208885, value: 
key: 48372, value: 
key: 18200, value: 
key: 5645, value: 
key: 290487, value: 
key: 317979, value: 
key: 980997, value: 
key: 133113, value: 
key: 121765, value: 
key: 187722, value: 
key: 3844, value: 
key: 51120, value: 
key: 2132, value: 
key: 2517, value: 
key: 203312, value: 
key: 8648, value: 
key: 3000, value: 
key: 988, value: 
key: 230290, value: 
key: 4709, value: 
key: 533651, value: 
key: 4999, value: 
key: 250389, value: 
key: 75054, value: 
key: 58228, value: 
key: 239460, value: 
key: 174881, value: 
key: 2464, value: 
key: 27038, value: 
key: 344762, value: 
key: 61243, value: 
key: 20508, value: 
key: 271353, value: 
key: 563, value: 
key: 220091, value: 
key: 25804, value: 
key: 109307, value: 
key: 18308, value: 
key: 9848, value: 
key: 53795, value: 
key: 968, value: 
key: 8298, value: 
key: 28674, value: 
key: 102564, value: 
key: 22702, value: 
key: 117221, value: 
key: 1040, value: 
key: 11490, value: 
key: 50998, value: 
key: 8527, value: 
key: 61467, value: 
key: 31650, value: 
key: 52892, value: 
key: 840787, value: 
key: 181861, value: 
key: 824, value: 
key: 219173, value: 
key: 31423, value: 
key: 158816, value: 
key: 265600, value: 
key: 30154, value: 
key: 17537, value: 
key: 344947, value: 
key: 918045, value: 
key: 75094, value: 
key: 144223, value: 
key: 5471, value: 
key: 536243, value: 
key: 4027, value: 
key: 81705, value: 
key: 252891, value: 
key: 2571, value: 
key: 803273, value: 
key: 479471, value: 
key: 346623, value: 
key: 393734, value: 
key: 342737, value: 
key: 619240, value: 
key: 281, value: 
key: 53619, value: 
key: 547542, value: 
key: 106460, value: 
key: 882286, value: 
key: 14246, value: 
key: 92052, value: 
key: 183913, value: 
key: 4266, value: 
key: 2122, value: 
key: 710717, value: 
key: 3358, value: 
key: 1507, value: 
key: 81792, value: 
key: 663988, value: 
key: 727148, value: 
key: 94451, value: 
key: 1393, value: 
key: 7591, value: 
key: 11947, value: 
key: 67967, value: 
key: 34594, value: 
key: 1079, value: 
key: 2406, value: 
key: 19525, value: 
key: 10965, value: 
key: 315347, value: 
key: 7064, value: 
key: 322887, value: 
key: 18231, value: 
key: 107687, value: 
key: 589006, value: 
key: 373, value: 
key: 1352, value: 
key: 657068, value: 
key: 241395, value: 
key: 161240, value: 
key: 10216, value: 
key: 241410, value: 
key: 50830, value: 
key: 37301, value: 
key: 31574, value: 
key: 1652, value: 
key: 120620, value: 
key: 187, value: 
key: 6222, value: 
key: 70917, value: 
key: 68268, value: 
key: 991601, value: 
key: 2684, value: 
key: 153455, value: 
key: 1215, value: 
key: 539802, value: 
key: 279543, value: 
key: 75433, value: 
key: 20544, value: 
key: 255626, value: 
key: 441245, value: 
key: 1343, value: 
key: 641345, value: 
key: 4421, value: 
key: 1603, value: 
key: 411319, value: 
key: 329371, value: 
key: 857156, value: 
key: 266399, value: 
key: 494765, value: 
key: 169862, value: 
key: 4333, value: 
key: 895714, value: 
